#
# There is insufficient memory for the Java Runtime Environment to continue.
# Native memory allocation (malloc) failed to allocate 887696 bytes. Error detail: Chunk::new
# Possible reasons:
#   The system is out of physical RAM or swap space
#   This process is running with CompressedOops enabled, and the Java Heap may be blocking the growth of the native heap
# Possible solutions:
#   Reduce memory load on the system
#   Increase physical memory or swap space
#   Check if swap backing store is full
#   Decrease Java heap size (-Xmx/-Xms)
#   Decrease number of Java threads
#   Decrease Java thread stack sizes (-Xss)
#   Set larger code cache with -XX:ReservedCodeCacheSize=
#   JVM is running with Unscaled Compressed Oops mode in which the Java heap is
#     placed in the first 4GB address space. The Java Heap base address is the
#     maximum limit for the native heap growth. Please use -XX:HeapBaseMinAddress
#     to set the Java Heap base and to place the Java Heap above 4GB virtual address.
# This output file may be truncated or incomplete.
#
#  Out of Memory Error (arena.cpp:168), pid=40408, tid=53260
#
# JRE version: OpenJDK Runtime Environment Temurin-21.0.8+9 (21.0.8+9) (build 21.0.8+9-LTS)
# Java VM: OpenJDK 64-Bit Server VM Temurin-21.0.8+9 (21.0.8+9-LTS, mixed mode, sharing, tiered, compressed oops, compressed class ptrs, parallel gc, windows-amd64)
# No core dump will be written. Minidumps are not enabled by default on client versions of Windows
#

---------------  S U M M A R Y ------------

Command Line: --add-modules=ALL-SYSTEM --add-opens=java.base/java.util=ALL-UNNAMED --add-opens=java.base/java.lang=ALL-UNNAMED --add-opens=java.base/sun.nio.fs=ALL-UNNAMED -Declipse.application=org.eclipse.jdt.ls.core.id1 -Dosgi.bundles.defaultStartLevel=4 -Declipse.product=org.eclipse.jdt.ls.core.product -Djava.import.generatesMetadataFilesAtProjectRoot=false -DDetectVMInstallationsJob.disabled=true -Dfile.encoding=utf8 -XX:+UseParallelGC -XX:GCTimeRatio=4 -XX:AdaptiveSizePolicyWeight=90 -Dsun.zip.disableMemoryMapping=true -Xmx2G -Xms100m -Xlog:disable -javaagent:c:\Users\servisofts\.vscode-server\extensions\redhat.java-1.44.0-win32-x64\lombok\lombok-1.18.39-4050.jar c:\Users\servisofts\.vscode-server\extensions\redhat.java-1.44.0-win32-x64\server\plugins\org.eclipse.equinox.launcher_1.7.0.v20250519-0528.jar -configuration c:\Users\servisofts\.vscode-server\data\User\globalStorage\redhat.java\1.44.0\config_ss_win -data c:\Users\servisofts\.vscode-server\data\User\workspaceStorage\dca603e7a2dd8d3dc19a52df1bd30b36\redhat.java\ss_ws --pipe=\\.\pipe\lsp-ac35c3ff78f6ce21d9f44a02d721c8f3-sock

Host: Intel(R) Core(TM) i5-6400 CPU @ 2.70GHz, 4 cores, 15G,  Windows 10 , 64 bit Build 19041 (10.0.19041.5915)
Time: Thu Aug 28 01:59:28 2025 SA Western Standard Time elapsed time: 3.608136 seconds (0d 0h 0m 3s)

---------------  T H R E A D  ---------------

Current thread (0x0000029790b4a990):  JavaThread "C2 CompilerThread1" daemon [_thread_in_native, id=53260, stack(0x000000fc38400000,0x000000fc38500000) (1024K)]


Current CompileTask:
C2:3608 2629       4       java.lang.invoke.MethodType::makeImpl (109 bytes)

Stack: [0x000000fc38400000,0x000000fc38500000]
Native frames: (J=compiled Java code, j=interpreted, Vv=VM code, C=native code)
V  [jvm.dll+0x6d2449]
V  [jvm.dll+0x8ae341]
V  [jvm.dll+0x8b08be]
V  [jvm.dll+0x8b0fa3]
V  [jvm.dll+0x280c96]
V  [jvm.dll+0xc581d]
V  [jvm.dll+0xc5d53]
V  [jvm.dll+0x2f539d]
V  [jvm.dll+0x5fa00a]
V  [jvm.dll+0x252092]
V  [jvm.dll+0x24aa06]
V  [jvm.dll+0x2483a4]
V  [jvm.dll+0x1c89ee]
V  [jvm.dll+0x257d4d]
V  [jvm.dll+0x2562ea]
V  [jvm.dll+0x3f2d16]
V  [jvm.dll+0x857e6b]
V  [jvm.dll+0x6d0b0d]
C  [ucrtbase.dll+0x21bb2]
C  [KERNEL32.DLL+0x17374]
C  [ntdll.dll+0x4cc91]


---------------  P R O C E S S  ---------------

Threads class SMR info:
_java_thread_list=0x0000029790a8bfd0, length=21, elements={
0x0000029731e1a750, 0x00000297496f22b0, 0x00000297496f39b0, 0x00000297496f4910,
0x00000297496f5dc0, 0x00000297496f7980, 0x00000297496f8730, 0x00000297496f9560,
0x000002974976c530, 0x000002978b448550, 0x000002978b6822f0, 0x00000297904bc090,
0x00000297906b9740, 0x00000297906ba070, 0x00000297907097e0, 0x00000297907a69f0,
0x00000297908e3a20, 0x00000297909e25f0, 0x00000297909e2c50, 0x0000029790a5ae60,
0x0000029790b4a990
}

Java Threads: ( => current thread )
  0x0000029731e1a750 JavaThread "main"                              [_thread_blocked, id=54924, stack(0x000000fc36900000,0x000000fc36a00000) (1024K)]
  0x00000297496f22b0 JavaThread "Reference Handler"          daemon [_thread_blocked, id=54864, stack(0x000000fc36e00000,0x000000fc36f00000) (1024K)]
  0x00000297496f39b0 JavaThread "Finalizer"                  daemon [_thread_blocked, id=54372, stack(0x000000fc36f00000,0x000000fc37000000) (1024K)]
  0x00000297496f4910 JavaThread "Signal Dispatcher"          daemon [_thread_blocked, id=54784, stack(0x000000fc37000000,0x000000fc37100000) (1024K)]
  0x00000297496f5dc0 JavaThread "Attach Listener"            daemon [_thread_blocked, id=55096, stack(0x000000fc37100000,0x000000fc37200000) (1024K)]
  0x00000297496f7980 JavaThread "Service Thread"             daemon [_thread_blocked, id=54436, stack(0x000000fc37200000,0x000000fc37300000) (1024K)]
  0x00000297496f8730 JavaThread "Monitor Deflation Thread"   daemon [_thread_blocked, id=53840, stack(0x000000fc37300000,0x000000fc37400000) (1024K)]
  0x00000297496f9560 JavaThread "C2 CompilerThread0"         daemon [_thread_blocked, id=40044, stack(0x000000fc37400000,0x000000fc37500000) (1024K)]
  0x000002974976c530 JavaThread "C1 CompilerThread0"         daemon [_thread_blocked, id=53080, stack(0x000000fc37500000,0x000000fc37600000) (1024K)]
  0x000002978b448550 JavaThread "Common-Cleaner"             daemon [_thread_blocked, id=54764, stack(0x000000fc37600000,0x000000fc37700000) (1024K)]
  0x000002978b6822f0 JavaThread "Notification Thread"        daemon [_thread_blocked, id=45200, stack(0x000000fc37700000,0x000000fc37800000) (1024K)]
  0x00000297904bc090 JavaThread "Active Thread: Equinox Container: 37042166-34ca-4efc-b716-b74b9a3dbd92"        [_thread_blocked, id=53940, stack(0x000000fc37c00000,0x000000fc37d00000) (1024K)]
  0x00000297906b9740 JavaThread "Framework Event Dispatcher: Equinox Container: 37042166-34ca-4efc-b716-b74b9a3dbd92" daemon [_thread_blocked, id=7692, stack(0x000000fc37d00000,0x000000fc37e00000) (1024K)]
  0x00000297906ba070 JavaThread "Start Level: Equinox Container: 37042166-34ca-4efc-b716-b74b9a3dbd92" daemon [_thread_in_vm, id=53340, stack(0x000000fc37e00000,0x000000fc37f00000) (1024K)]
  0x00000297907097e0 JavaThread "SCR Component Actor"        daemon [_thread_blocked, id=54932, stack(0x000000fc37f00000,0x000000fc38000000) (1024K)]
  0x00000297907a69f0 JavaThread "SCR Component Registry"     daemon [_thread_blocked, id=54980, stack(0x000000fc37800000,0x000000fc37900000) (1024K)]
  0x00000297908e3a20 JavaThread "Worker-JM"                         [_thread_blocked, id=54008, stack(0x000000fc38100000,0x000000fc38200000) (1024K)]
  0x00000297909e25f0 JavaThread "JNA Cleaner"                daemon [_thread_blocked, id=48496, stack(0x000000fc38000000,0x000000fc38100000) (1024K)]
  0x00000297909e2c50 JavaThread "Worker-0"                          [_thread_blocked, id=54312, stack(0x000000fc38200000,0x000000fc38300000) (1024K)]
  0x0000029790a5ae60 JavaThread "Worker-1"                          [_thread_blocked, id=53448, stack(0x000000fc38300000,0x000000fc38400000) (1024K)]
=>0x0000029790b4a990 JavaThread "C2 CompilerThread1"         daemon [_thread_in_native, id=53260, stack(0x000000fc38400000,0x000000fc38500000) (1024K)]
Total: 21

Other Threads:
  0x00000297496dae30 VMThread "VM Thread"                           [id=53968, stack(0x000000fc36d00000,0x000000fc36e00000) (1024K)]
  0x00000297496513b0 WatcherThread "VM Periodic Task Thread"        [id=54740, stack(0x000000fc36c00000,0x000000fc36d00000) (1024K)]
  0x0000029732d3aff0 WorkerThread "GC Thread#0"                     [id=52188, stack(0x000000fc36b00000,0x000000fc36c00000) (1024K)]
  0x00000297901243e0 WorkerThread "GC Thread#1"                     [id=47076, stack(0x000000fc37900000,0x000000fc37a00000) (1024K)]
  0x0000029790124780 WorkerThread "GC Thread#2"                     [id=52400, stack(0x000000fc37a00000,0x000000fc37b00000) (1024K)]
  0x00000297902692f0 WorkerThread "GC Thread#3"                     [id=2384, stack(0x000000fc37b00000,0x000000fc37c00000) (1024K)]
Total: 6

Threads with active compile tasks:
C2 CompilerThread1  3624 2629       4       java.lang.invoke.MethodType::makeImpl (109 bytes)
Total: 1

VM state: not at safepoint (normal execution)

VM Mutex/Monitor currently owned by a thread:  ([mutex/lock_event])
[0x00007ff92ca03fd8] MethodCompileQueue_lock - owner thread: 0x00000297906ba070

Heap address: 0x0000000080000000, size: 2048 MB, Compressed Oops mode: 32-bit

CDS archive(s) mapped at: [0x000002974a000000-0x000002974aba0000-0x000002974aba0000), size 12189696, SharedBaseAddress: 0x000002974a000000, ArchiveRelocationMode: 1.
Compressed class space mapped at: 0x000002974b000000-0x000002978b000000, reserved size: 1073741824
Narrow klass base: 0x000002974a000000, Narrow klass shift: 0, Narrow klass range: 0x100000000

GC Precious Log:
 CardTable entry size: 512
 CPUs: 4 total, 4 available
 Memory: 16323M
 Large Page Support: Disabled
 NUMA Support: Disabled
 Compressed Oops: Enabled (32-bit)
 Alignments: Space 512K, Generation 512K, Heap 2M
 Heap Min Capacity: 100M
 Heap Initial Capacity: 100M
 Heap Max Capacity: 2G
 Pre-touch: Disabled
 Parallel Workers: 4

Heap:
 PSYoungGen      total 29696K, used 17732K [0x00000000d5580000, 0x00000000d7680000, 0x0000000100000000)
  eden space 25600K, 53% used [0x00000000d5580000,0x00000000d62d6c00,0x00000000d6e80000)
  from space 4096K, 99% used [0x00000000d7280000,0x00000000d767a670,0x00000000d7680000)
  to   space 4096K, 0% used [0x00000000d6e80000,0x00000000d6e80000,0x00000000d7280000)
 ParOldGen       total 68608K, used 4395K [0x0000000080000000, 0x0000000084300000, 0x00000000d5580000)
  object space 68608K, 6% used [0x0000000080000000,0x000000008044ae70,0x0000000084300000)
 Metaspace       used 17979K, committed 18688K, reserved 1114112K
  class space    used 1837K, committed 2176K, reserved 1048576K

Card table byte_map: [0x00000297326e0000,0x0000029732af0000] _byte_map_base: 0x00000297322e0000

Marking Bits: (ParMarkBitMap*) 0x00007ff92ca0a340
 Begin Bits: [0x00000297451d0000, 0x00000297471d0000)
 End Bits:   [0x00000297471d0000, 0x00000297491d0000)

Polling page: 0x0000029732030000

Metaspace:

Usage:
  Non-class:     15.76 MB used.
      Class:      1.79 MB used.
       Both:     17.56 MB used.

Virtual space:
  Non-class space:       64.00 MB reserved,      16.12 MB ( 25%) committed,  1 nodes.
      Class space:        1.00 GB reserved,       2.12 MB ( <1%) committed,  1 nodes.
             Both:        1.06 GB reserved,      18.25 MB (  2%) committed. 

Chunk freelists:
   Non-Class:  15.41 MB
       Class:  13.73 MB
        Both:  29.13 MB

MaxMetaspaceSize: unlimited
CompressedClassSpaceSize: 1.00 GB
Initial GC threshold: 21.00 MB
Current GC threshold: 21.00 MB
CDS: on
 - commit_granule_bytes: 65536.
 - commit_granule_words: 8192.
 - virtual_space_node_default_size: 8388608.
 - enlarge_chunks_in_place: 1.
 - use_allocation_guard: 0.


Internal statistics:

num_allocs_failed_limit: 0.
num_arena_births: 502.
num_arena_deaths: 0.
num_vsnodes_births: 2.
num_vsnodes_deaths: 0.
num_space_committed: 292.
num_space_uncommitted: 0.
num_chunks_returned_to_freelist: 0.
num_chunks_taken_from_freelist: 1175.
num_chunk_merges: 0.
num_chunk_splits: 747.
num_chunks_enlarged: 480.
num_inconsistent_stats: 0.

CodeHeap 'non-profiled nmethods': size=120000Kb used=1130Kb max_used=1130Kb free=118869Kb
 bounds [0x000002973d9f0000, 0x000002973dc60000, 0x0000029744f20000]
CodeHeap 'profiled nmethods': size=120000Kb used=5051Kb max_used=5051Kb free=114949Kb
 bounds [0x0000029735f20000, 0x0000029736410000, 0x000002973d450000]
CodeHeap 'non-nmethods': size=5760Kb used=1272Kb max_used=1292Kb free=4487Kb
 bounds [0x000002973d450000, 0x000002973d6c0000, 0x000002973d9f0000]
CodeCache: size=245760Kb, used=7453Kb, max_used=7473Kb, free=238305Kb
 total_blobs=3178, nmethods=2628, adapters=456, full_count=0
Compilation: enabled, stopped_count=0, restarted_count=0

Compilation events (20 events):
Event: 3.537 Thread 0x000002974976c530 nmethod 2622 0x0000029736408790 code [0x0000029736408a00, 0x00000297364095b0]
Event: 3.537 Thread 0x000002974976c530 2623       3       org.lombokweb.asm.MethodWriter::visitVarInsn (302 bytes)
Event: 3.538 Thread 0x000002974976c530 nmethod 2623 0x0000029736409a10 code [0x0000029736409c80, 0x000002973640a608]
Event: 3.538 Thread 0x000002974976c530 2624       3       org.lombokweb.asm.MethodVisitor::visitFieldInsn (20 bytes)
Event: 3.538 Thread 0x000002974976c530 nmethod 2624 0x000002973640a890 code [0x000002973640aa40, 0x000002973640ac48]
Event: 3.541 Thread 0x000002974976c530 2625       3       org.lombokweb.asm.Type::hashCode (68 bytes)
Event: 3.541 Thread 0x000002974976c530 nmethod 2625 0x000002973640ad10 code [0x000002973640af20, 0x000002973640b610]
Event: 3.541 Thread 0x000002974976c530 2626       3       org.lombokweb.asm.ClassReader::createDebugLabel (23 bytes)
Event: 3.542 Thread 0x000002974976c530 nmethod 2626 0x000002973640b910 code [0x000002973640bae0, 0x000002973640bf50]
Event: 3.542 Thread 0x000002974976c530 2628       3       org.lombokweb.asm.Label::accept (69 bytes)
Event: 3.542 Thread 0x000002974976c530 nmethod 2628 0x000002973640c110 code [0x000002973640c300, 0x000002973640c838]
Event: 3.542 Thread 0x000002974976c530 2627       3       org.lombokweb.asm.MethodVisitor::visitLabel (16 bytes)
Event: 3.542 Thread 0x000002974976c530 nmethod 2627 0x000002973640ca10 code [0x000002973640cbc0, 0x000002973640cdc8]
Event: 3.548 Thread 0x0000029790b4a990 2629       4       java.lang.invoke.MethodType::makeImpl (109 bytes)
Event: 3.566 Thread 0x000002974976c530 2630   !   3       java.io.BufferedInputStream::read (69 bytes)
Event: 3.566 Thread 0x000002974976c530 nmethod 2630 0x000002973640ce90 code [0x000002973640d120, 0x000002973640dd60]
Event: 3.567 Thread 0x000002974976c530 2631       3       jdk.internal.misc.CDS::isDumpingArchive (4 bytes)
Event: 3.567 Thread 0x000002974976c530 nmethod 2631 0x000002973640e210 code [0x000002973640e3a0, 0x000002973640e490]
Event: 3.567 Thread 0x000002974976c530 2632       3       jdk.internal.org.objectweb.asm.SymbolTable::putBootstrapMethods (56 bytes)
Event: 3.567 Thread 0x000002974976c530 nmethod 2632 0x000002973640e510 code [0x000002973640e720, 0x000002973640ea40]

GC Heap History (8 events):
Event: 0.819 GC heap before
{Heap before GC invocations=1 (full 0):
 PSYoungGen      total 29696K, used 25600K [0x00000000d5580000, 0x00000000d7680000, 0x0000000100000000)
  eden space 25600K, 100% used [0x00000000d5580000,0x00000000d6e80000,0x00000000d6e80000)
  from space 4096K, 0% used [0x00000000d7280000,0x00000000d7280000,0x00000000d7680000)
  to   space 4096K, 0% used [0x00000000d6e80000,0x00000000d6e80000,0x00000000d7280000)
 ParOldGen       total 68608K, used 0K [0x0000000080000000, 0x0000000084300000, 0x00000000d5580000)
  object space 68608K, 0% used [0x0000000080000000,0x0000000080000000,0x0000000084300000)
 Metaspace       used 4302K, committed 4544K, reserved 1114112K
  class space    used 470K, committed 576K, reserved 1048576K
}
Event: 0.843 GC heap after
{Heap after GC invocations=1 (full 0):
 PSYoungGen      total 29696K, used 3286K [0x00000000d5580000, 0x00000000d7680000, 0x0000000100000000)
  eden space 25600K, 0% used [0x00000000d5580000,0x00000000d5580000,0x00000000d6e80000)
  from space 4096K, 80% used [0x00000000d6e80000,0x00000000d71b5bc8,0x00000000d7280000)
  to   space 4096K, 0% used [0x00000000d7280000,0x00000000d7280000,0x00000000d7680000)
 ParOldGen       total 68608K, used 0K [0x0000000080000000, 0x0000000084300000, 0x00000000d5580000)
  object space 68608K, 0% used [0x0000000080000000,0x0000000080000000,0x0000000084300000)
 Metaspace       used 4302K, committed 4544K, reserved 1114112K
  class space    used 470K, committed 576K, reserved 1048576K
}
Event: 1.740 GC heap before
{Heap before GC invocations=2 (full 0):
 PSYoungGen      total 29696K, used 28886K [0x00000000d5580000, 0x00000000d7680000, 0x0000000100000000)
  eden space 25600K, 100% used [0x00000000d5580000,0x00000000d6e80000,0x00000000d6e80000)
  from space 4096K, 80% used [0x00000000d6e80000,0x00000000d71b5bc8,0x00000000d7280000)
  to   space 4096K, 0% used [0x00000000d7280000,0x00000000d7280000,0x00000000d7680000)
 ParOldGen       total 68608K, used 0K [0x0000000080000000, 0x0000000084300000, 0x00000000d5580000)
  object space 68608K, 0% used [0x0000000080000000,0x0000000080000000,0x0000000084300000)
 Metaspace       used 8162K, committed 8384K, reserved 1114112K
  class space    used 864K, committed 960K, reserved 1048576K
}
Event: 1.744 GC heap after
{Heap after GC invocations=2 (full 0):
 PSYoungGen      total 29696K, used 4075K [0x00000000d5580000, 0x00000000d7680000, 0x0000000100000000)
  eden space 25600K, 0% used [0x00000000d5580000,0x00000000d5580000,0x00000000d6e80000)
  from space 4096K, 99% used [0x00000000d7280000,0x00000000d767ad10,0x00000000d7680000)
  to   space 4096K, 0% used [0x00000000d6e80000,0x00000000d6e80000,0x00000000d7280000)
 ParOldGen       total 68608K, used 897K [0x0000000080000000, 0x0000000084300000, 0x00000000d5580000)
  object space 68608K, 1% used [0x0000000080000000,0x00000000800e06a8,0x0000000084300000)
 Metaspace       used 8162K, committed 8384K, reserved 1114112K
  class space    used 864K, committed 960K, reserved 1048576K
}
Event: 2.534 GC heap before
{Heap before GC invocations=3 (full 0):
 PSYoungGen      total 29696K, used 29675K [0x00000000d5580000, 0x00000000d7680000, 0x0000000100000000)
  eden space 25600K, 100% used [0x00000000d5580000,0x00000000d6e80000,0x00000000d6e80000)
  from space 4096K, 99% used [0x00000000d7280000,0x00000000d767ad10,0x00000000d7680000)
  to   space 4096K, 0% used [0x00000000d6e80000,0x00000000d6e80000,0x00000000d7280000)
 ParOldGen       total 68608K, used 897K [0x0000000080000000, 0x0000000084300000, 0x00000000d5580000)
  object space 68608K, 1% used [0x0000000080000000,0x00000000800e06a8,0x0000000084300000)
 Metaspace       used 12961K, committed 13504K, reserved 1114112K
  class space    used 1369K, committed 1600K, reserved 1048576K
}
Event: 2.538 GC heap after
{Heap after GC invocations=3 (full 0):
 PSYoungGen      total 29696K, used 4069K [0x00000000d5580000, 0x00000000d7680000, 0x0000000100000000)
  eden space 25600K, 0% used [0x00000000d5580000,0x00000000d5580000,0x00000000d6e80000)
  from space 4096K, 99% used [0x00000000d6e80000,0x00000000d7279428,0x00000000d7280000)
  to   space 4096K, 0% used [0x00000000d7280000,0x00000000d7280000,0x00000000d7680000)
 ParOldGen       total 68608K, used 2712K [0x0000000080000000, 0x0000000084300000, 0x00000000d5580000)
  object space 68608K, 3% used [0x0000000080000000,0x00000000802a6110,0x0000000084300000)
 Metaspace       used 12961K, committed 13504K, reserved 1114112K
  class space    used 1369K, committed 1600K, reserved 1048576K
}
Event: 3.438 GC heap before
{Heap before GC invocations=4 (full 0):
 PSYoungGen      total 29696K, used 29669K [0x00000000d5580000, 0x00000000d7680000, 0x0000000100000000)
  eden space 25600K, 100% used [0x00000000d5580000,0x00000000d6e80000,0x00000000d6e80000)
  from space 4096K, 99% used [0x00000000d6e80000,0x00000000d7279428,0x00000000d7280000)
  to   space 4096K, 0% used [0x00000000d7280000,0x00000000d7280000,0x00000000d7680000)
 ParOldGen       total 68608K, used 2712K [0x0000000080000000, 0x0000000084300000, 0x00000000d5580000)
  object space 68608K, 3% used [0x0000000080000000,0x00000000802a6110,0x0000000084300000)
 Metaspace       used 17174K, committed 17856K, reserved 1114112K
  class space    used 1798K, committed 2112K, reserved 1048576K
}
Event: 3.442 GC heap after
{Heap after GC invocations=4 (full 0):
 PSYoungGen      total 29696K, used 4073K [0x00000000d5580000, 0x00000000d7680000, 0x0000000100000000)
  eden space 25600K, 0% used [0x00000000d5580000,0x00000000d5580000,0x00000000d6e80000)
  from space 4096K, 99% used [0x00000000d7280000,0x00000000d767a670,0x00000000d7680000)
  to   space 4096K, 0% used [0x00000000d6e80000,0x00000000d6e80000,0x00000000d7280000)
 ParOldGen       total 68608K, used 4395K [0x0000000080000000, 0x0000000084300000, 0x00000000d5580000)
  object space 68608K, 6% used [0x0000000080000000,0x000000008044ae70,0x0000000084300000)
 Metaspace       used 17174K, committed 17856K, reserved 1114112K
  class space    used 1798K, committed 2112K, reserved 1048576K
}

Dll operation events (10 events):
Event: 0.006 Loaded shared library c:\Users\servisofts\.vscode-server\extensions\redhat.java-1.44.0-win32-x64\jre\21.0.8-win32-x86_64\bin\java.dll
Event: 0.047 Loaded shared library c:\Users\servisofts\.vscode-server\extensions\redhat.java-1.44.0-win32-x64\jre\21.0.8-win32-x86_64\bin\zip.dll
Event: 0.123 Loaded shared library C:\Users\servisofts\.vscode-server\extensions\redhat.java-1.44.0-win32-x64\jre\21.0.8-win32-x86_64\bin\instrument.dll
Event: 0.126 Loaded shared library C:\Users\servisofts\.vscode-server\extensions\redhat.java-1.44.0-win32-x64\jre\21.0.8-win32-x86_64\bin\net.dll
Event: 0.127 Loaded shared library C:\Users\servisofts\.vscode-server\extensions\redhat.java-1.44.0-win32-x64\jre\21.0.8-win32-x86_64\bin\nio.dll
Event: 0.129 Loaded shared library C:\Users\servisofts\.vscode-server\extensions\redhat.java-1.44.0-win32-x64\jre\21.0.8-win32-x86_64\bin\zip.dll
Event: 0.141 Loaded shared library C:\Users\servisofts\.vscode-server\extensions\redhat.java-1.44.0-win32-x64\jre\21.0.8-win32-x86_64\bin\jimage.dll
Event: 0.215 Loaded shared library c:\Users\servisofts\.vscode-server\extensions\redhat.java-1.44.0-win32-x64\jre\21.0.8-win32-x86_64\bin\verify.dll
Event: 1.674 Loaded shared library C:\Users\servisofts\.vscode-server\data\User\globalStorage\redhat.java\1.44.0\config_ss_win\org.eclipse.equinox.launcher\org.eclipse.equinox.launcher.win32.win32.x86_64_1.2.1400.v20250730-1736\eclipse_11913.dll
Event: 3.096 Loaded shared library C:\Users\servisofts\AppData\Local\Temp\jna--1709682090\jna5310567030640798477.dll

Deoptimization events (20 events):
Event: 3.318 Thread 0x00000297906ba070 Uncommon trap: trap_request=0xffffff45 fr.pc=0x000002973daec630 relative=0x0000000000000b70
Event: 3.318 Thread 0x00000297906ba070 Uncommon trap: reason=unstable_if action=reinterpret pc=0x000002973daec630 method=jdk.internal.org.objectweb.asm.Frame.execute(IILjdk/internal/org/objectweb/asm/Symbol;Ljdk/internal/org/objectweb/asm/SymbolTable;)V @ 1 c2
Event: 3.318 Thread 0x00000297906ba070 DEOPT PACKING pc=0x000002973daec630 sp=0x000000fc37ef7e30
Event: 3.318 Thread 0x00000297906ba070 DEOPT UNPACKING pc=0x000002973d4a3aa2 sp=0x000000fc37ef7db8 mode 2
Event: 3.329 Thread 0x00000297906ba070 Uncommon trap: trap_request=0xffffffde fr.pc=0x000002973dae43e8 relative=0x0000000000000228
Event: 3.329 Thread 0x00000297906ba070 Uncommon trap: reason=class_check action=maybe_recompile pc=0x000002973dae43e8 method=java.util.regex.Pattern$BmpCharPropertyGreedy.match(Ljava/util/regex/Matcher;ILjava/lang/CharSequence;)Z @ 70 c2
Event: 3.329 Thread 0x00000297906ba070 DEOPT PACKING pc=0x000002973dae43e8 sp=0x000000fc37eef570
Event: 3.329 Thread 0x00000297906ba070 DEOPT UNPACKING pc=0x000002973d4a3aa2 sp=0x000000fc37eef518 mode 2
Event: 3.329 Thread 0x00000297906ba070 Uncommon trap: trap_request=0xffffffde fr.pc=0x000002973dae43e8 relative=0x0000000000000228
Event: 3.329 Thread 0x00000297906ba070 Uncommon trap: reason=class_check action=maybe_recompile pc=0x000002973dae43e8 method=java.util.regex.Pattern$BmpCharPropertyGreedy.match(Ljava/util/regex/Matcher;ILjava/lang/CharSequence;)Z @ 70 c2
Event: 3.329 Thread 0x00000297906ba070 DEOPT PACKING pc=0x000002973dae43e8 sp=0x000000fc37eef3c0
Event: 3.329 Thread 0x00000297906ba070 DEOPT UNPACKING pc=0x000002973d4a3aa2 sp=0x000000fc37eef368 mode 2
Event: 3.329 Thread 0x00000297906ba070 Uncommon trap: trap_request=0xffffffde fr.pc=0x000002973dae43e8 relative=0x0000000000000228
Event: 3.329 Thread 0x00000297906ba070 Uncommon trap: reason=class_check action=maybe_recompile pc=0x000002973dae43e8 method=java.util.regex.Pattern$BmpCharPropertyGreedy.match(Ljava/util/regex/Matcher;ILjava/lang/CharSequence;)Z @ 70 c2
Event: 3.329 Thread 0x00000297906ba070 DEOPT PACKING pc=0x000002973dae43e8 sp=0x000000fc37eef580
Event: 3.330 Thread 0x00000297906ba070 DEOPT UNPACKING pc=0x000002973d4a3aa2 sp=0x000000fc37eef528 mode 2
Event: 3.330 Thread 0x00000297906ba070 Uncommon trap: trap_request=0xffffffde fr.pc=0x000002973dae43e8 relative=0x0000000000000228
Event: 3.330 Thread 0x00000297906ba070 Uncommon trap: reason=class_check action=maybe_recompile pc=0x000002973dae43e8 method=java.util.regex.Pattern$BmpCharPropertyGreedy.match(Ljava/util/regex/Matcher;ILjava/lang/CharSequence;)Z @ 70 c2
Event: 3.330 Thread 0x00000297906ba070 DEOPT PACKING pc=0x000002973dae43e8 sp=0x000000fc37eef3d0
Event: 3.330 Thread 0x00000297906ba070 DEOPT UNPACKING pc=0x000002973d4a3aa2 sp=0x000000fc37eef378 mode 2

Classes loaded (20 events):
Event: 3.325 Loading class java/util/zip/GZIPInputStream
Event: 3.325 Loading class java/util/zip/GZIPInputStream done
Event: 3.341 Loading class java/io/StringReader
Event: 3.341 Loading class java/io/StringReader done
Event: 3.345 Loading class java/net/SocketTimeoutException
Event: 3.345 Loading class java/io/InterruptedIOException
Event: 3.345 Loading class java/io/InterruptedIOException done
Event: 3.345 Loading class java/net/SocketTimeoutException done
Event: 3.346 Loading class java/net/SocketException
Event: 3.346 Loading class java/net/SocketException done
Event: 3.346 Loading class java/net/UnknownHostException
Event: 3.346 Loading class java/net/UnknownHostException done
Event: 3.346 Loading class java/net/ProtocolException
Event: 3.346 Loading class java/net/ProtocolException done
Event: 3.429 Loading class java/lang/ThreadLocal$SuppliedThreadLocal
Event: 3.429 Loading class java/lang/ThreadLocal$SuppliedThreadLocal done
Event: 3.434 Loading class java/io/FileWriter
Event: 3.435 Loading class java/io/FileWriter done
Event: 3.435 Loading class java/lang/NegativeArraySizeException
Event: 3.435 Loading class java/lang/NegativeArraySizeException done

Classes unloaded (0 events):
No events

Classes redefined (0 events):
No events

Internal exceptions (20 events):
Event: 3.115 Thread 0x00000297906ba070 Exception <a 'java/lang/NoSuchMethodError'{0x00000000d6360dc0}: 'void java.lang.invoke.DirectMethodHandle$Holder.invokeSpecial(java.lang.Object, java.lang.Object, java.lang.Object, int)'> (0x00000000d6360dc0) 
thrown [s\src\hotspot\share\interpreter\linkResolver.cpp, line 773]
Event: 3.115 Thread 0x00000297906ba070 Exception <a 'java/lang/NoSuchMethodError'{0x00000000d6364750}: 'void java.lang.invoke.DelegatingMethodHandle$Holder.reinvoke_L(java.lang.Object, java.lang.Object, int)'> (0x00000000d6364750) 
thrown [s\src\hotspot\share\interpreter\linkResolver.cpp, line 773]
Event: 3.115 Thread 0x00000297906ba070 Exception <a 'java/lang/NoSuchMethodError'{0x00000000d636b438}: 'int java.lang.invoke.Invokers$Holder.invokeExact_MT(java.lang.Object, java.lang.Object, java.lang.Object)'> (0x00000000d636b438) 
thrown [s\src\hotspot\share\interpreter\linkResolver.cpp, line 773]
Event: 3.129 Thread 0x00000297906ba070 Exception <a 'java/lang/NoSuchMethodError'{0x00000000d645c368}: 'void java.lang.invoke.Invokers$Holder.invokeExact_MT(java.lang.Object, java.lang.Object, int, java.lang.Object)'> (0x00000000d645c368) 
thrown [s\src\hotspot\share\interpreter\linkResolver.cpp, line 773]
Event: 3.164 Thread 0x00000297906ba070 Exception <a 'java/lang/NoSuchMethodError'{0x00000000d6576188}: 'java.lang.Object java.lang.invoke.DirectMethodHandle$Holder.invokeSpecial(java.lang.Object, java.lang.Object, java.lang.Object, long, java.lang.Object)'> (0x00000000d6576188) 
thrown [s\src\hotspot\share\interpreter\linkResolver.cpp, line 773]
Event: 3.164 Thread 0x00000297906ba070 Exception <a 'java/lang/NoSuchMethodError'{0x00000000d657d9d0}: 'java.lang.Object java.lang.invoke.DirectMethodHandle$Holder.newInvokeSpecial(java.lang.Object, java.lang.Object, java.lang.Object, long)'> (0x00000000d657d9d0) 
thrown [s\src\hotspot\share\interpreter\linkResolver.cpp, line 773]
Event: 3.165 Thread 0x00000297906ba070 Exception <a 'java/lang/NoSuchMethodError'{0x00000000d6581dc0}: 'java.lang.Object java.lang.invoke.DirectMethodHandle$Holder.invokeSpecial(java.lang.Object, java.lang.Object, java.lang.Object, java.lang.Object, long)'> (0x00000000d6581dc0) 
thrown [s\src\hotspot\share\interpreter\linkResolver.cpp, line 773]
Event: 3.165 Thread 0x00000297906ba070 Exception <a 'java/lang/NoSuchMethodError'{0x00000000d6586008}: 'java.lang.Object java.lang.invoke.Invokers$Holder.linkToTargetMethod(java.lang.Object, java.lang.Object, long, java.lang.Object)'> (0x00000000d6586008) 
thrown [s\src\hotspot\share\interpreter\linkResolver.cpp, line 773]
Event: 3.187 Thread 0x00000297906ba070 Exception <a 'java/lang/NoSuchMethodError'{0x00000000d65de0e0}: 'int java.lang.invoke.DirectMethodHandle$Holder.invokeStaticInit(java.lang.Object, java.lang.Object, java.lang.Object)'> (0x00000000d65de0e0) 
thrown [s\src\hotspot\share\interpreter\linkResolver.cpp, line 773]
Event: 3.200 Thread 0x00000297906ba070 Exception <a 'java/lang/IncompatibleClassChangeError'{0x00000000d6679bf8}: Found class java.lang.Object, but interface was expected> (0x00000000d6679bf8) 
thrown [s\src\hotspot\share\interpreter\linkResolver.cpp, line 840]
Event: 3.205 Thread 0x00000297906ba070 Exception <a 'java/lang/NoSuchMethodError'{0x00000000d668cbb0}: 'java.lang.Object java.lang.invoke.DirectMethodHandle$Holder.invokeSpecial(java.lang.Object, java.lang.Object, java.lang.Object, int, java.lang.Object, java.lang.Object)'> (0x00000000d668cbb0) 
thrown [s\src\hotspot\share\interpreter\linkResolver.cpp, line 773]
Event: 3.206 Thread 0x00000297906ba070 Exception <a 'java/lang/NoSuchMethodError'{0x00000000d6694688}: 'java.lang.Object java.lang.invoke.DirectMethodHandle$Holder.newInvokeSpecial(java.lang.Object, java.lang.Object, java.lang.Object, int, java.lang.Object)'> (0x00000000d6694688) 
thrown [s\src\hotspot\share\interpreter\linkResolver.cpp, line 773]
Event: 3.206 Thread 0x00000297906ba070 Exception <a 'java/lang/NoSuchMethodError'{0x00000000d6698648}: 'java.lang.Object java.lang.invoke.DirectMethodHandle$Holder.invokeSpecial(java.lang.Object, java.lang.Object, java.lang.Object, java.lang.Object, int, java.lang.Object)'> (0x00000000d6698648) 
thrown [s\src\hotspot\share\interpreter\linkResolver.cpp, line 773]
Event: 3.206 Thread 0x00000297906ba070 Exception <a 'java/lang/NoSuchMethodError'{0x00000000d669c188}: 'java.lang.Object java.lang.invoke.Invokers$Holder.linkToTargetMethod(java.lang.Object, java.lang.Object, int, java.lang.Object, java.lang.Object)'> (0x00000000d669c188) 
thrown [s\src\hotspot\share\interpreter\linkResolver.cpp, line 773]
Event: 3.207 Thread 0x00000297909e2c50 Exception <a 'java/lang/NoSuchMethodError'{0x00000000d65fafb8}: 'java.lang.Object java.lang.invoke.DirectMethodHandle$Holder.invokeSpecial(java.lang.Object, java.lang.Object, int, java.lang.Object, java.lang.Object)'> (0x00000000d65fafb8) 
thrown [s\src\hotspot\share\interpreter\linkResolver.cpp, line 773]
Event: 3.207 Thread 0x00000297909e2c50 Exception <a 'java/lang/NoSuchMethodError'{0x00000000d6601cf0}: 'java.lang.Object java.lang.invoke.DirectMethodHandle$Holder.newInvokeSpecial(java.lang.Object, java.lang.Object, int, java.lang.Object)'> (0x00000000d6601cf0) 
thrown [s\src\hotspot\share\interpreter\linkResolver.cpp, line 773]
Event: 3.208 Thread 0x00000297909e2c50 Exception <a 'java/lang/NoSuchMethodError'{0x00000000d6605610}: 'java.lang.Object java.lang.invoke.DirectMethodHandle$Holder.invokeSpecial(java.lang.Object, java.lang.Object, java.lang.Object, int, java.lang.Object)'> (0x00000000d6605610) 
thrown [s\src\hotspot\share\interpreter\linkResolver.cpp, line 773]
Event: 3.245 Thread 0x00000297906ba070 Exception <a 'java/lang/NoSuchMethodError'{0x00000000d67b94d0}: 'void java.lang.invoke.DirectMethodHandle$Holder.invokeSpecial(java.lang.Object, java.lang.Object, java.lang.Object, java.lang.Object, java.lang.Object)'> (0x00000000d67b94d0) 
thrown [s\src\hotspot\share\interpreter\linkResolver.cpp, line 773]
Event: 3.318 Thread 0x00000297906ba070 Exception <a 'java/lang/NoSuchMethodError'{0x00000000d69e59d8}: 'double java.lang.invoke.DirectMethodHandle$Holder.invokeStatic(java.lang.Object, java.lang.Object)'> (0x00000000d69e59d8) 
thrown [s\src\hotspot\share\interpreter\linkResolver.cpp, line 773]
Event: 3.318 Thread 0x00000297906ba070 Exception <a 'java/lang/NoSuchMethodError'{0x00000000d69e9098}: 'double java.lang.invoke.DirectMethodHandle$Holder.invokeStaticInit(java.lang.Object, java.lang.Object)'> (0x00000000d69e9098) 
thrown [s\src\hotspot\share\interpreter\linkResolver.cpp, line 773]

ZGC Phase Switch (0 events):
No events

VM Operations (20 events):
Event: 1.536 Executing VM operation: ICBufferFull
Event: 1.536 Executing VM operation: ICBufferFull done
Event: 1.740 Executing VM operation: ParallelGCFailedAllocation (Allocation Failure)
Event: 1.744 Executing VM operation: ParallelGCFailedAllocation (Allocation Failure) done
Event: 2.039 Executing VM operation: HandshakeAllThreads (Deoptimize)
Event: 2.048 Executing VM operation: HandshakeAllThreads (Deoptimize) done
Event: 2.328 Executing VM operation: HandshakeAllThreads (Deoptimize)
Event: 2.328 Executing VM operation: HandshakeAllThreads (Deoptimize) done
Event: 2.534 Executing VM operation: ParallelGCFailedAllocation (Allocation Failure)
Event: 2.538 Executing VM operation: ParallelGCFailedAllocation (Allocation Failure) done
Event: 2.645 Executing VM operation: HandshakeAllThreads (Deoptimize)
Event: 2.645 Executing VM operation: HandshakeAllThreads (Deoptimize) done
Event: 2.648 Executing VM operation: HandshakeAllThreads (Deoptimize)
Event: 2.648 Executing VM operation: HandshakeAllThreads (Deoptimize) done
Event: 2.713 Executing VM operation: HandshakeAllThreads (Deoptimize)
Event: 2.713 Executing VM operation: HandshakeAllThreads (Deoptimize) done
Event: 3.102 Executing VM operation: HandshakeAllThreads (Deoptimize)
Event: 3.102 Executing VM operation: HandshakeAllThreads (Deoptimize) done
Event: 3.438 Executing VM operation: ParallelGCFailedAllocation (Allocation Failure)
Event: 3.442 Executing VM operation: ParallelGCFailedAllocation (Allocation Failure) done

Memory protections (0 events):
No events

Nmethod flushes (0 events):
No events

Events (20 events):
Event: 0.048 Thread 0x0000029731e1a750 Thread added: 0x00000297496f7980
Event: 0.048 Thread 0x0000029731e1a750 Thread added: 0x00000297496f8730
Event: 0.048 Thread 0x0000029731e1a750 Thread added: 0x00000297496f9560
Event: 0.054 Thread 0x0000029731e1a750 Thread added: 0x000002974976c530
Event: 0.084 Thread 0x0000029731e1a750 Thread added: 0x000002978b448550
Event: 0.328 Thread 0x0000029731e1a750 Thread added: 0x000002978b6822f0
Event: 0.431 Thread 0x000002974976c530 Thread added: 0x000002978b7a7f10
Event: 1.337 Thread 0x0000029731e1a750 Thread added: 0x00000297904bc090
Event: 1.664 Thread 0x0000029731e1a750 Thread added: 0x00000297906b9740
Event: 1.669 Thread 0x0000029731e1a750 Thread added: 0x00000297906ba070
Event: 1.752 Thread 0x00000297906ba070 Thread added: 0x00000297907097e0
Event: 1.755 Thread 0x000002978b7a7f10 Thread exited: 0x000002978b7a7f10
Event: 2.007 Thread 0x00000297906ba070 Thread added: 0x00000297907a69f0
Event: 2.110 Thread 0x00000297496f9560 Thread added: 0x000002979070ba00
Event: 2.387 Thread 0x00000297906ba070 Thread added: 0x00000297908e3a20
Event: 2.449 Thread 0x000002979070ba00 Thread exited: 0x000002979070ba00
Event: 3.120 Thread 0x00000297906ba070 Thread added: 0x00000297909e25f0
Event: 3.168 Thread 0x00000297906ba070 Thread added: 0x00000297909e2c50
Event: 3.209 Thread 0x00000297906ba070 Thread added: 0x0000029790a5ae60
Event: 3.459 Thread 0x00000297496f9560 Thread added: 0x0000029790b4a990


Dynamic libraries:
0x00007ff61ead0000 - 0x00007ff61eade000 	c:\Users\servisofts\.vscode-server\extensions\redhat.java-1.44.0-win32-x64\jre\21.0.8-win32-x86_64\bin\java.exe
0x00007ff993790000 - 0x00007ff993988000 	C:\Windows\SYSTEM32\ntdll.dll
0x00007ff991c90000 - 0x00007ff991d52000 	C:\Windows\System32\KERNEL32.DLL
0x00007ff990e70000 - 0x00007ff991167000 	C:\Windows\System32\KERNELBASE.dll
0x00007ff9914c0000 - 0x00007ff9915c0000 	C:\Windows\System32\ucrtbase.dll
0x00007ff960da0000 - 0x00007ff960db8000 	c:\Users\servisofts\.vscode-server\extensions\redhat.java-1.44.0-win32-x64\jre\21.0.8-win32-x86_64\bin\jli.dll
0x00007ff9935b0000 - 0x00007ff99374d000 	C:\Windows\System32\USER32.dll
0x00007ff9915c0000 - 0x00007ff9915e2000 	C:\Windows\System32\win32u.dll
0x00007ff992c30000 - 0x00007ff992c5b000 	C:\Windows\System32\GDI32.dll
0x00007ff9915f0000 - 0x00007ff991709000 	C:\Windows\System32\gdi32full.dll
0x00007ff991710000 - 0x00007ff9917ad000 	C:\Windows\System32\msvcp_win.dll
0x00007ff960ca0000 - 0x00007ff960cbe000 	c:\Users\servisofts\.vscode-server\extensions\redhat.java-1.44.0-win32-x64\jre\21.0.8-win32-x86_64\bin\VCRUNTIME140.dll
0x00007ff980da0000 - 0x00007ff98103a000 	C:\Windows\WinSxS\amd64_microsoft.windows.common-controls_6595b64144ccf1df_6.0.19041.5915_none_60b4b9d171f9c7c7\COMCTL32.dll
0x00007ff992b90000 - 0x00007ff992c2e000 	C:\Windows\System32\msvcrt.dll
0x00007ff96cbf0000 - 0x00007ff96cbfc000 	c:\Users\servisofts\.vscode-server\extensions\redhat.java-1.44.0-win32-x64\jre\21.0.8-win32-x86_64\bin\vcruntime140_1.dll
0x00007ff93ca40000 - 0x00007ff93cacd000 	c:\Users\servisofts\.vscode-server\extensions\redhat.java-1.44.0-win32-x64\jre\21.0.8-win32-x86_64\bin\msvcp140.dll
0x00007ff92bd50000 - 0x00007ff92cae7000 	c:\Users\servisofts\.vscode-server\extensions\redhat.java-1.44.0-win32-x64\jre\21.0.8-win32-x86_64\bin\server\jvm.dll
0x00007ff991810000 - 0x00007ff9918c1000 	C:\Windows\System32\ADVAPI32.dll
0x00007ff991e10000 - 0x00007ff991eaf000 	C:\Windows\System32\sechost.dll
0x00007ff991eb0000 - 0x00007ff991fd6000 	C:\Windows\System32\RPCRT4.dll
0x00007ff991170000 - 0x00007ff991197000 	C:\Windows\System32\bcrypt.dll
0x00007ff992260000 - 0x00007ff9922cb000 	C:\Windows\System32\WS2_32.dll
0x00007ff990350000 - 0x00007ff99039b000 	C:\Windows\SYSTEM32\POWRPROF.dll
0x00007ff987bd0000 - 0x00007ff987bf7000 	C:\Windows\SYSTEM32\WINMM.dll
0x00007ff98b640000 - 0x00007ff98b64a000 	C:\Windows\SYSTEM32\VERSION.dll
0x00007ff990220000 - 0x00007ff990232000 	C:\Windows\SYSTEM32\UMPDC.dll
0x00007ff98ecc0000 - 0x00007ff98ecd2000 	C:\Windows\SYSTEM32\kernel.appcore.dll
0x00007ff96bf70000 - 0x00007ff96bf7a000 	c:\Users\servisofts\.vscode-server\extensions\redhat.java-1.44.0-win32-x64\jre\21.0.8-win32-x86_64\bin\jimage.dll
0x00007ff987130000 - 0x00007ff987331000 	C:\Windows\SYSTEM32\DBGHELP.DLL
0x00007ff9753c0000 - 0x00007ff9753f4000 	C:\Windows\SYSTEM32\dbgcore.DLL
0x00007ff9913b0000 - 0x00007ff991432000 	C:\Windows\System32\bcryptPrimitives.dll
0x00007ff96be70000 - 0x00007ff96be7f000 	c:\Users\servisofts\.vscode-server\extensions\redhat.java-1.44.0-win32-x64\jre\21.0.8-win32-x86_64\bin\instrument.dll
0x00007ff94f180000 - 0x00007ff94f19f000 	c:\Users\servisofts\.vscode-server\extensions\redhat.java-1.44.0-win32-x64\jre\21.0.8-win32-x86_64\bin\java.dll
0x00007ff9922d0000 - 0x00007ff992a3e000 	C:\Windows\System32\SHELL32.dll
0x00007ff98eec0000 - 0x00007ff98f664000 	C:\Windows\SYSTEM32\windows.storage.dll
0x00007ff9918d0000 - 0x00007ff991c23000 	C:\Windows\System32\combase.dll
0x00007ff990850000 - 0x00007ff99087b000 	C:\Windows\SYSTEM32\Wldp.dll
0x00007ff993070000 - 0x00007ff99313d000 	C:\Windows\System32\OLEAUT32.dll
0x00007ff992c70000 - 0x00007ff992d1d000 	C:\Windows\System32\SHCORE.dll
0x00007ff991c30000 - 0x00007ff991c8b000 	C:\Windows\System32\shlwapi.dll
0x00007ff990d50000 - 0x00007ff990d74000 	C:\Windows\SYSTEM32\profapi.dll
0x00007ff93d780000 - 0x00007ff93d798000 	c:\Users\servisofts\.vscode-server\extensions\redhat.java-1.44.0-win32-x64\jre\21.0.8-win32-x86_64\bin\zip.dll
0x00007ff96bc70000 - 0x00007ff96bc80000 	C:\Users\servisofts\.vscode-server\extensions\redhat.java-1.44.0-win32-x64\jre\21.0.8-win32-x86_64\bin\net.dll
0x00007ff98af50000 - 0x00007ff98b05a000 	C:\Windows\SYSTEM32\WINHTTP.dll
0x00007ff9905b0000 - 0x00007ff99061a000 	C:\Windows\system32\mswsock.dll
0x00007ff93d760000 - 0x00007ff93d776000 	C:\Users\servisofts\.vscode-server\extensions\redhat.java-1.44.0-win32-x64\jre\21.0.8-win32-x86_64\bin\nio.dll
0x00007ff96bab0000 - 0x00007ff96bac0000 	c:\Users\servisofts\.vscode-server\extensions\redhat.java-1.44.0-win32-x64\jre\21.0.8-win32-x86_64\bin\verify.dll
0x00007ff974150000 - 0x00007ff974195000 	C:\Users\servisofts\.vscode-server\data\User\globalStorage\redhat.java\1.44.0\config_ss_win\org.eclipse.equinox.launcher\org.eclipse.equinox.launcher.win32.win32.x86_64_1.2.1400.v20250730-1736\eclipse_11913.dll
0x00007ff992d20000 - 0x00007ff992e4b000 	C:\Windows\System32\ole32.dll
0x00007ff9907a0000 - 0x00007ff9907b8000 	C:\Windows\SYSTEM32\CRYPTSP.dll
0x00007ff98fe60000 - 0x00007ff98fe98000 	C:\Windows\system32\rsaenh.dll
0x00007ff990cd0000 - 0x00007ff990cfe000 	C:\Windows\SYSTEM32\USERENV.dll
0x00007ff9907c0000 - 0x00007ff9907cc000 	C:\Windows\SYSTEM32\CRYPTBASE.dll
0x00007ff990240000 - 0x00007ff99027b000 	C:\Windows\SYSTEM32\IPHLPAPI.DLL
0x00007ff992b60000 - 0x00007ff992b68000 	C:\Windows\System32\NSI.dll
0x00007ff975b80000 - 0x00007ff975bc9000 	C:\Users\servisofts\AppData\Local\Temp\jna--1709682090\jna5310567030640798477.dll
0x00007ff993000000 - 0x00007ff993008000 	C:\Windows\System32\PSAPI.DLL

JVMTI agents:
c:\Users\servisofts\.vscode-server\extensions\redhat.java-1.44.0-win32-x64\lombok\lombok-1.18.39-4050.jar path:c:\Users\servisofts\.vscode-server\extensions\redhat.java-1.44.0-win32-x64\jre\21.0.8-win32-x86_64\bin\instrument.dll, loaded, initialized, instrumentlib options:none

dbghelp: loaded successfully - version: 4.0.5 - missing functions: none
symbol engine: initialized successfully - sym options: 0x614 - pdb path: .;c:\Users\servisofts\.vscode-server\extensions\redhat.java-1.44.0-win32-x64\jre\21.0.8-win32-x86_64\bin;C:\Windows\SYSTEM32;C:\Windows\WinSxS\amd64_microsoft.windows.common-controls_6595b64144ccf1df_6.0.19041.5915_none_60b4b9d171f9c7c7;c:\Users\servisofts\.vscode-server\extensions\redhat.java-1.44.0-win32-x64\jre\21.0.8-win32-x86_64\bin\server;C:\Users\servisofts\.vscode-server\data\User\globalStorage\redhat.java\1.44.0\config_ss_win\org.eclipse.equinox.launcher\org.eclipse.equinox.launcher.win32.win32.x86_64_1.2.1400.v20250730-1736;C:\Users\servisofts\AppData\Local\Temp\jna--1709682090

VM Arguments:
jvm_args: --add-modules=ALL-SYSTEM --add-opens=java.base/java.util=ALL-UNNAMED --add-opens=java.base/java.lang=ALL-UNNAMED --add-opens=java.base/sun.nio.fs=ALL-UNNAMED -Declipse.application=org.eclipse.jdt.ls.core.id1 -Dosgi.bundles.defaultStartLevel=4 -Declipse.product=org.eclipse.jdt.ls.core.product -Djava.import.generatesMetadataFilesAtProjectRoot=false -DDetectVMInstallationsJob.disabled=true -Dfile.encoding=utf8 -XX:+UseParallelGC -XX:GCTimeRatio=4 -XX:AdaptiveSizePolicyWeight=90 -Dsun.zip.disableMemoryMapping=true -Xmx2G -Xms100m -Xlog:disable -javaagent:c:\Users\servisofts\.vscode-server\extensions\redhat.java-1.44.0-win32-x64\lombok\lombok-1.18.39-4050.jar 
java_command: c:\Users\servisofts\.vscode-server\extensions\redhat.java-1.44.0-win32-x64\server\plugins\org.eclipse.equinox.launcher_1.7.0.v20250519-0528.jar -configuration c:\Users\servisofts\.vscode-server\data\User\globalStorage\redhat.java\1.44.0\config_ss_win -data c:\Users\servisofts\.vscode-server\data\User\workspaceStorage\dca603e7a2dd8d3dc19a52df1bd30b36\redhat.java\ss_ws --pipe=\\.\pipe\lsp-ac35c3ff78f6ce21d9f44a02d721c8f3-sock
java_class_path (initial): c:\Users\servisofts\.vscode-server\extensions\redhat.java-1.44.0-win32-x64\server\plugins\org.eclipse.equinox.launcher_1.7.0.v20250519-0528.jar
Launcher Type: SUN_STANDARD

[Global flags]
    uintx AdaptiveSizePolicyWeight                 = 90                                        {product} {command line}
     intx CICompilerCount                          = 3                                         {product} {ergonomic}
    uintx GCTimeRatio                              = 4                                         {product} {command line}
   size_t InitialHeapSize                          = 104857600                                 {product} {command line}
   size_t MaxHeapSize                              = 2147483648                                {product} {command line}
   size_t MaxNewSize                               = 715653120                                 {product} {ergonomic}
   size_t MinHeapDeltaBytes                        = 524288                                    {product} {ergonomic}
   size_t MinHeapSize                              = 104857600                                 {product} {command line}
   size_t NewSize                                  = 34603008                                  {product} {ergonomic}
    uintx NonNMethodCodeHeapSize                   = 5832780                                {pd product} {ergonomic}
    uintx NonProfiledCodeHeapSize                  = 122912730                              {pd product} {ergonomic}
   size_t OldSize                                  = 70254592                                  {product} {ergonomic}
    uintx ProfiledCodeHeapSize                     = 122912730                              {pd product} {ergonomic}
    uintx ReservedCodeCacheSize                    = 251658240                              {pd product} {ergonomic}
     bool SegmentedCodeCache                       = true                                      {product} {ergonomic}
   size_t SoftMaxHeapSize                          = 2147483648                             {manageable} {ergonomic}
     bool UseCompressedOops                        = true                           {product lp64_product} {ergonomic}
     bool UseLargePagesIndividualAllocation        = false                                  {pd product} {ergonomic}
     bool UseParallelGC                            = true                                      {product} {command line}

Logging:
Log output configuration:
 #0: stdout all=off uptime,level,tags foldmultilines=false
 #1: stderr all=off uptime,level,tags foldmultilines=false

Environment Variables:
PATH=c:\Users\servisofts\.vscode-server\cli\servers\Stable-360a4e4fd251bfce169a4ddf857c7d25d1ad40da\server\bin\remote-cli;C:\Program Files\Common Files\Oracle\Java\javapath;C:\Windows\system32;C:\Windows;C:\Windows\System32\Wbem;C:\Windows\System32\WindowsPowerShell\v1.0\;C:\Windows\System32\OpenSSH\;C:\Users\servisofts\AppData\Local\nvm;C:\nvm4w\nodejs;C:\Program Files\Git\cmd;C:\Users\servisofts\AppData\Local\Microsoft\WindowsApps;C:\Users\servisofts\AppData\Local\Programs\Microsoft VS Code\bin;C:\Users\servisofts\AppData\Local\GitHubDesktop\bin;C:\Users\servisofts\AppData\Local\nvm;C:\nvm4w\nodejs;
USERNAME=servisofts
SHELL=c:\windows\system32\cmd.exe
OS=Windows_NT
PROCESSOR_IDENTIFIER=Intel64 Family 6 Model 94 Stepping 3, GenuineIntel
TMP=C:\Users\servisofts\AppData\Local\Temp
TEMP=C:\Users\servisofts\AppData\Local\Temp




Periodic native trim disabled

---------------  S Y S T E M  ---------------

OS:
 Windows 10 , 64 bit Build 19041 (10.0.19041.5915)
OS uptime: 0 days 9:58 hours

CPU: total 4 (initial active 4) (4 cores per cpu, 1 threads per core) family 6 model 94 stepping 3 microcode 0xcc, cx8, cmov, fxsr, mmx, 3dnowpref, sse, sse2, sse3, ssse3, sse4.1, sse4.2, popcnt, lzcnt, tsc, tscinvbit, avx, avx2, aes, erms, clmul, bmi1, bmi2, adx, fma, vzeroupper, clflush, clflushopt, rdtscp, f16c
Processor Information for the first 4 processors :
  Max Mhz: 2701, Current Mhz: 2701, Mhz Limit: 2701

Memory: 4k page, system-wide physical 16323M (612M free)
TotalPageFile size 44857M (AvailPageFile size 4M)
current process WorkingSet (physical memory assigned to process): 120M, peak: 120M
current process commit charge ("private bytes"): 248M, peak: 249M

vm_info: OpenJDK 64-Bit Server VM (21.0.8+9-LTS) for windows-amd64 JRE (21.0.8+9-LTS), built on 2025-07-15T00:00:00Z by "admin" with MS VC++ 17.7 (VS2022)

END.
