#
# There is insufficient memory for the Java Runtime Environment to continue.
# Native memory allocation (malloc) failed to allocate 1048576 bytes. Error detail: AllocateHeap
# Possible reasons:
#   The system is out of physical RAM or swap space
#   This process is running with CompressedOops enabled, and the Java Heap may be blocking the growth of the native heap
# Possible solutions:
#   Reduce memory load on the system
#   Increase physical memory or swap space
#   Check if swap backing store is full
#   Decrease Java heap size (-Xmx/-Xms)
#   Decrease number of Java threads
#   Decrease Java thread stack sizes (-Xss)
#   Set larger code cache with -XX:ReservedCodeCacheSize=
#   JVM is running with Unscaled Compressed Oops mode in which the Java heap is
#     placed in the first 4GB address space. The Java Heap base address is the
#     maximum limit for the native heap growth. Please use -XX:HeapBaseMinAddress
#     to set the Java Heap base and to place the Java Heap above 4GB virtual address.
# This output file may be truncated or incomplete.
#
#  Out of Memory Error (allocation.cpp:44), pid=54500, tid=1208
#
# JRE version:  (21.0.8+9) (build )
# Java VM: OpenJDK 64-Bit Server VM (21.0.8+9-LTS, mixed mode, sharing, tiered, compressed oops, compressed class ptrs, parallel gc, windows-amd64)
# No core dump will be written. Minidumps are not enabled by default on client versions of Windows
#

---------------  S U M M A R Y ------------

Command Line: --add-modules=ALL-SYSTEM --add-opens=java.base/java.util=ALL-UNNAMED --add-opens=java.base/java.lang=ALL-UNNAMED --add-opens=java.base/sun.nio.fs=ALL-UNNAMED -Declipse.application=org.eclipse.jdt.ls.core.id1 -Dosgi.bundles.defaultStartLevel=4 -Declipse.product=org.eclipse.jdt.ls.core.product -Djava.import.generatesMetadataFilesAtProjectRoot=false -DDetectVMInstallationsJob.disabled=true -Dfile.encoding=utf8 -XX:+UseParallelGC -XX:GCTimeRatio=4 -XX:AdaptiveSizePolicyWeight=90 -Dsun.zip.disableMemoryMapping=true -Xmx2G -Xms100m -Xlog:disable -javaagent:c:\Users\servisofts\.vscode\extensions\redhat.java-1.44.0-win32-x64\lombok\lombok-1.18.39-4050.jar -XX:+HeapDumpOnOutOfMemoryError -XX:HeapDumpPath=c:\Users\servisofts\AppData\Roaming\Code\User\workspaceStorage\fece6ea9eaba2aae0ff9ddea0214f5d6\redhat.java -Daether.dependencyCollector.impl=bf c:\Users\servisofts\.vscode\extensions\redhat.java-1.44.0-win32-x64\server\plugins\org.eclipse.equinox.launcher_1.7.0.v20250519-0528.jar -configuration c:\Users\servisofts\AppData\Roaming\Code\User\globalStorage\redhat.java\1.44.0\config_win -data c:\Users\servisofts\AppData\Roaming\Code\User\workspaceStorage\fece6ea9eaba2aae0ff9ddea0214f5d6\redhat.java\jdt_ws --pipe=\\.\pipe\lsp-d7f14f36989fb9bab05a19d67c47d524-sock

Host: Intel(R) Core(TM) i5-6400 CPU @ 2.70GHz, 4 cores, 15G,  Windows 10 , 64 bit Build 19041 (10.0.19041.5915)
Time: Thu Aug 28 01:57:02 2025 SA Western Standard Time elapsed time: 0.049321 seconds (0d 0h 0m 0s)

---------------  T H R E A D  ---------------

Current thread (0x00000204840b3f60):  JavaThread "Unknown thread" [_thread_in_vm, id=1208, stack(0x0000001366a00000,0x0000001366b00000) (1024K)]

Stack: [0x0000001366a00000,0x0000001366b00000]
Native frames: (J=compiled Java code, j=interpreted, Vv=VM code, C=native code)
V  [jvm.dll+0x6d2449]
V  [jvm.dll+0x8ae341]
V  [jvm.dll+0x8b08be]
V  [jvm.dll+0x8b0fa3]
V  [jvm.dll+0x280c96]
V  [jvm.dll+0xc0347]
V  [jvm.dll+0x706372]
V  [jvm.dll+0x7070ac]
V  [jvm.dll+0x6e0f43]
V  [jvm.dll+0x877c7c]
V  [jvm.dll+0x3becec]
V  [jvm.dll+0x8606d8]
V  [jvm.dll+0x4530ee]
V  [jvm.dll+0x454d31]
C  [jli.dll+0x5278]
C  [ucrtbase.dll+0x21bb2]
C  [KERNEL32.DLL+0x17374]
C  [ntdll.dll+0x4cc91]


---------------  P R O C E S S  ---------------

Threads class SMR info:
_java_thread_list=0x000002049cc91380, length=1, elements={
0x00000204840b3f60
}

Java Threads: ( => current thread )
=>0x00000204840b3f60 JavaThread "Unknown thread"             [_thread_in_vm, id=1208, stack(0x0000001366a00000,0x0000001366b00000) (1024K)]
Total: 1

Other Threads:
  0x0000020486425200 WatcherThread "VM Periodic Task Thread"        [id=4780, stack(0x0000001366c00000,0x0000001366d00000) (1024K)]
  0x000002048637d3e0 WorkerThread "GC Thread#0"                     [id=9240, stack(0x0000001366b00000,0x0000001366c00000) (1024K)]
Total: 2

Threads with active compile tasks:
Total: 0

VM state: not at safepoint (normal execution)

VM Mutex/Monitor currently owned by a thread: None

Heap address: 0x0000000080000000, size: 2048 MB, Compressed Oops mode: 32-bit

CDS archive(s) mapped at: [0x000002049d000000-0x000002049dba0000-0x000002049dba0000), size 12189696, SharedBaseAddress: 0x000002049d000000, ArchiveRelocationMode: 1.
Compressed class space mapped at: 0x000002049e000000-0x00000204de000000, reserved size: 1073741824
Narrow klass base: 0x000002049d000000, Narrow klass shift: 0, Narrow klass range: 0x100000000

GC Precious Log:
 CardTable entry size: 512
 CPUs: 4 total, 4 available
 Memory: 16323M
 Large Page Support: Disabled
 NUMA Support: Disabled
 Compressed Oops: Enabled (32-bit)
 Alignments: Space 512K, Generation 512K, Heap 2M
 Heap Min Capacity: 100M
 Heap Initial Capacity: 100M
 Heap Max Capacity: 2G
 Pre-touch: Disabled
 Parallel Workers: 4

Heap:
 PSYoungGen      total 29696K, used 512K [0x00000000d5580000, 0x00000000d7680000, 0x0000000100000000)
  eden space 25600K, 2% used [0x00000000d5580000,0x00000000d5600020,0x00000000d6e80000)
  from space 4096K, 0% used [0x00000000d7280000,0x00000000d7280000,0x00000000d7680000)
  to   space 4096K, 0% used [0x00000000d6e80000,0x00000000d6e80000,0x00000000d7280000)
 ParOldGen       total 68608K, used 0K [0x0000000080000000, 0x0000000084300000, 0x00000000d5580000)
  object space 68608K, 0% used [0x0000000080000000,0x0000000080000000,0x0000000084300000)
 Metaspace       used 0K, committed 0K, reserved 1048576K
  class space    used 0K, committed 0K, reserved 1048576K

Card table byte_map: [0x0000020485d40000,0x0000020486150000] _byte_map_base: 0x0000020485940000

Marking Bits: (ParMarkBitMap*) 0x00007ff96256a340
 Begin Bits: [0x0000020498810000, 0x000002049a810000)
 End Bits:   [0x000002049a810000, 0x000002049c810000)

Polling page: 0x0000020485b30000

Metaspace:

Usage:
  Non-class:      0 bytes used.
      Class:      0 bytes used.
       Both:      0 bytes used.

Virtual space:
  Non-class space:        0 bytes reserved,       0 bytes (  ?%) committed,  0 nodes.
      Class space:        1.00 GB reserved,       0 bytes (  0%) committed,  1 nodes.
             Both:        1.00 GB reserved,       0 bytes (  0%) committed. 

Chunk freelists:
   Non-Class:  0 bytes
       Class:  16.00 MB
        Both:  16.00 MB

MaxMetaspaceSize: unlimited
CompressedClassSpaceSize: 1.00 GB
Initial GC threshold: 21.00 MB
Current GC threshold: 17179869184.00 GB
CDS: on
 - commit_granule_bytes: 65536.
 - commit_granule_words: 8192.
 - virtual_space_node_default_size: 8388608.
 - enlarge_chunks_in_place: 1.
 - use_allocation_guard: 0.


Internal statistics:

num_allocs_failed_limit: 0.
num_arena_births: 0.
num_arena_deaths: 0.
num_vsnodes_births: 1.
num_vsnodes_deaths: 0.
num_space_committed: 0.
num_space_uncommitted: 0.
num_chunks_returned_to_freelist: 0.
num_chunks_taken_from_freelist: 1.
num_chunk_merges: 0.
num_chunk_splits: 1.
num_chunks_enlarged: 0.
num_inconsistent_stats: 0.

CodeHeap 'non-profiled nmethods': size=120000Kb used=0Kb max_used=0Kb free=120000Kb
 bounds [0x0000020491030000, 0x00000204912a0000, 0x0000020498560000]
CodeHeap 'profiled nmethods': size=120000Kb used=0Kb max_used=0Kb free=120000Kb
 bounds [0x0000020489560000, 0x00000204897d0000, 0x0000020490a90000]
CodeHeap 'non-nmethods': size=5760Kb used=194Kb max_used=342Kb free=5565Kb
 bounds [0x0000020490a90000, 0x0000020490d00000, 0x0000020491030000]
CodeCache: size=245760Kb, used=194Kb, max_used=342Kb, free=245565Kb
 total_blobs=70, nmethods=0, adapters=48, full_count=0
Compilation: enabled, stopped_count=0, restarted_count=0

Compilation events (0 events):
No events

GC Heap History (0 events):
No events

Dll operation events (1 events):
Event: 0.009 Loaded shared library c:\Users\servisofts\.vscode\extensions\redhat.java-1.44.0-win32-x64\jre\21.0.8-win32-x86_64\bin\java.dll

Deoptimization events (0 events):
No events

Classes loaded (0 events):
No events

Classes unloaded (0 events):
No events

Classes redefined (0 events):
No events

Internal exceptions (0 events):
No events

ZGC Phase Switch (0 events):
No events

VM Operations (0 events):
No events

Memory protections (0 events):
No events

Nmethod flushes (0 events):
No events

Events (1 events):
Event: 0.025 Thread 0x00000204840b3f60 Thread added: 0x00000204840b3f60


Dynamic libraries:
0x00007ff6dd280000 - 0x00007ff6dd28e000 	c:\Users\servisofts\.vscode\extensions\redhat.java-1.44.0-win32-x64\jre\21.0.8-win32-x86_64\bin\java.exe
0x00007ff993790000 - 0x00007ff993988000 	C:\Windows\SYSTEM32\ntdll.dll
0x00007ff991c90000 - 0x00007ff991d52000 	C:\Windows\System32\KERNEL32.DLL
0x00007ff990e70000 - 0x00007ff991167000 	C:\Windows\System32\KERNELBASE.dll
0x00007ff9914c0000 - 0x00007ff9915c0000 	C:\Windows\System32\ucrtbase.dll
0x00007ff987c30000 - 0x00007ff987c48000 	c:\Users\servisofts\.vscode\extensions\redhat.java-1.44.0-win32-x64\jre\21.0.8-win32-x86_64\bin\jli.dll
0x00007ff9935b0000 - 0x00007ff99374d000 	C:\Windows\System32\USER32.dll
0x00007ff9915c0000 - 0x00007ff9915e2000 	C:\Windows\System32\win32u.dll
0x00007ff992c30000 - 0x00007ff992c5b000 	C:\Windows\System32\GDI32.dll
0x00007ff9915f0000 - 0x00007ff991709000 	C:\Windows\System32\gdi32full.dll
0x00007ff991710000 - 0x00007ff9917ad000 	C:\Windows\System32\msvcp_win.dll
0x00007ff9786e0000 - 0x00007ff9786fe000 	c:\Users\servisofts\.vscode\extensions\redhat.java-1.44.0-win32-x64\jre\21.0.8-win32-x86_64\bin\VCRUNTIME140.dll
0x00007ff980da0000 - 0x00007ff98103a000 	C:\Windows\WinSxS\amd64_microsoft.windows.common-controls_6595b64144ccf1df_6.0.19041.5915_none_60b4b9d171f9c7c7\COMCTL32.dll
0x00007ff992b90000 - 0x00007ff992c2e000 	C:\Windows\System32\msvcrt.dll
0x00007ff991de0000 - 0x00007ff991e0f000 	C:\Windows\System32\IMM32.DLL
0x00007ff98c5d0000 - 0x00007ff98c5dc000 	c:\Users\servisofts\.vscode\extensions\redhat.java-1.44.0-win32-x64\jre\21.0.8-win32-x86_64\bin\vcruntime140_1.dll
0x00007ff966cb0000 - 0x00007ff966d3d000 	c:\Users\servisofts\.vscode\extensions\redhat.java-1.44.0-win32-x64\jre\21.0.8-win32-x86_64\bin\msvcp140.dll
0x00007ff9618b0000 - 0x00007ff962647000 	c:\Users\servisofts\.vscode\extensions\redhat.java-1.44.0-win32-x64\jre\21.0.8-win32-x86_64\bin\server\jvm.dll
0x00007ff991810000 - 0x00007ff9918c1000 	C:\Windows\System32\ADVAPI32.dll
0x00007ff991e10000 - 0x00007ff991eaf000 	C:\Windows\System32\sechost.dll
0x00007ff991eb0000 - 0x00007ff991fd6000 	C:\Windows\System32\RPCRT4.dll
0x00007ff991170000 - 0x00007ff991197000 	C:\Windows\System32\bcrypt.dll
0x00007ff992260000 - 0x00007ff9922cb000 	C:\Windows\System32\WS2_32.dll
0x00007ff990350000 - 0x00007ff99039b000 	C:\Windows\SYSTEM32\POWRPROF.dll
0x00007ff987bd0000 - 0x00007ff987bf7000 	C:\Windows\SYSTEM32\WINMM.dll
0x00007ff98b640000 - 0x00007ff98b64a000 	C:\Windows\SYSTEM32\VERSION.dll
0x00007ff990220000 - 0x00007ff990232000 	C:\Windows\SYSTEM32\UMPDC.dll
0x00007ff98ecc0000 - 0x00007ff98ecd2000 	C:\Windows\SYSTEM32\kernel.appcore.dll
0x00007ff977ef0000 - 0x00007ff977efa000 	c:\Users\servisofts\.vscode\extensions\redhat.java-1.44.0-win32-x64\jre\21.0.8-win32-x86_64\bin\jimage.dll
0x00007ff987130000 - 0x00007ff987331000 	C:\Windows\SYSTEM32\DBGHELP.DLL
0x00007ff9753c0000 - 0x00007ff9753f4000 	C:\Windows\SYSTEM32\dbgcore.DLL
0x00007ff9913b0000 - 0x00007ff991432000 	C:\Windows\System32\bcryptPrimitives.dll
0x00007ff977610000 - 0x00007ff97761f000 	c:\Users\servisofts\.vscode\extensions\redhat.java-1.44.0-win32-x64\jre\21.0.8-win32-x86_64\bin\instrument.dll
0x00007ff966820000 - 0x00007ff96683f000 	c:\Users\servisofts\.vscode\extensions\redhat.java-1.44.0-win32-x64\jre\21.0.8-win32-x86_64\bin\java.dll

JVMTI agents:
c:\Users\servisofts\.vscode\extensions\redhat.java-1.44.0-win32-x64\lombok\lombok-1.18.39-4050.jar path:none, loaded, not initialized, instrumentlib options:none

dbghelp: loaded successfully - version: 4.0.5 - missing functions: none
symbol engine: initialized successfully - sym options: 0x614 - pdb path: .;c:\Users\servisofts\.vscode\extensions\redhat.java-1.44.0-win32-x64\jre\21.0.8-win32-x86_64\bin;C:\Windows\SYSTEM32;C:\Windows\WinSxS\amd64_microsoft.windows.common-controls_6595b64144ccf1df_6.0.19041.5915_none_60b4b9d171f9c7c7;c:\Users\servisofts\.vscode\extensions\redhat.java-1.44.0-win32-x64\jre\21.0.8-win32-x86_64\bin\server

VM Arguments:
jvm_args: --add-modules=ALL-SYSTEM --add-opens=java.base/java.util=ALL-UNNAMED --add-opens=java.base/java.lang=ALL-UNNAMED --add-opens=java.base/sun.nio.fs=ALL-UNNAMED -Declipse.application=org.eclipse.jdt.ls.core.id1 -Dosgi.bundles.defaultStartLevel=4 -Declipse.product=org.eclipse.jdt.ls.core.product -Djava.import.generatesMetadataFilesAtProjectRoot=false -DDetectVMInstallationsJob.disabled=true -Dfile.encoding=utf8 -XX:+UseParallelGC -XX:GCTimeRatio=4 -XX:AdaptiveSizePolicyWeight=90 -Dsun.zip.disableMemoryMapping=true -Xmx2G -Xms100m -Xlog:disable -javaagent:c:\Users\servisofts\.vscode\extensions\redhat.java-1.44.0-win32-x64\lombok\lombok-1.18.39-4050.jar -XX:+HeapDumpOnOutOfMemoryError -XX:HeapDumpPath=c:\Users\servisofts\AppData\Roaming\Code\User\workspaceStorage\fece6ea9eaba2aae0ff9ddea0214f5d6\redhat.java -Daether.dependencyCollector.impl=bf 
java_command: c:\Users\servisofts\.vscode\extensions\redhat.java-1.44.0-win32-x64\server\plugins\org.eclipse.equinox.launcher_1.7.0.v20250519-0528.jar -configuration c:\Users\servisofts\AppData\Roaming\Code\User\globalStorage\redhat.java\1.44.0\config_win -data c:\Users\servisofts\AppData\Roaming\Code\User\workspaceStorage\fece6ea9eaba2aae0ff9ddea0214f5d6\redhat.java\jdt_ws --pipe=\\.\pipe\lsp-d7f14f36989fb9bab05a19d67c47d524-sock
java_class_path (initial): c:\Users\servisofts\.vscode\extensions\redhat.java-1.44.0-win32-x64\server\plugins\org.eclipse.equinox.launcher_1.7.0.v20250519-0528.jar
Launcher Type: SUN_STANDARD

[Global flags]
    uintx AdaptiveSizePolicyWeight                 = 90                                        {product} {command line}
     intx CICompilerCount                          = 3                                         {product} {ergonomic}
    uintx GCTimeRatio                              = 4                                         {product} {command line}
     bool HeapDumpOnOutOfMemoryError               = true                                   {manageable} {command line}
    ccstr HeapDumpPath                             = c:\Users\servisofts\AppData\Roaming\Code\User\workspaceStorage\fece6ea9eaba2aae0ff9ddea0214f5d6\redhat.java         {manageable} {command line}
   size_t InitialHeapSize                          = 104857600                                 {product} {command line}
   size_t MaxHeapSize                              = 2147483648                                {product} {command line}
   size_t MaxNewSize                               = 715653120                                 {product} {ergonomic}
   size_t MinHeapDeltaBytes                        = 524288                                    {product} {ergonomic}
   size_t MinHeapSize                              = 104857600                                 {product} {command line}
   size_t NewSize                                  = 34603008                                  {product} {ergonomic}
    uintx NonNMethodCodeHeapSize                   = 5832780                                {pd product} {ergonomic}
    uintx NonProfiledCodeHeapSize                  = 122912730                              {pd product} {ergonomic}
   size_t OldSize                                  = 70254592                                  {product} {ergonomic}
    uintx ProfiledCodeHeapSize                     = 122912730                              {pd product} {ergonomic}
    uintx ReservedCodeCacheSize                    = 251658240                              {pd product} {ergonomic}
     bool SegmentedCodeCache                       = true                                      {product} {ergonomic}
   size_t SoftMaxHeapSize                          = 2147483648                             {manageable} {ergonomic}
     bool UseCompressedOops                        = true                           {product lp64_product} {ergonomic}
     bool UseLargePagesIndividualAllocation        = false                                  {pd product} {ergonomic}
     bool UseParallelGC                            = true                                      {product} {command line}

Logging:
Log output configuration:
 #0: stdout all=off uptime,level,tags foldmultilines=false
 #1: stderr all=off uptime,level,tags foldmultilines=false

Environment Variables:
PATH=C:\Program Files\Common Files\Oracle\Java\javapath;C:\Windows\system32;C:\Windows;C:\Windows\System32\Wbem;C:\Windows\System32\WindowsPowerShell\v1.0\;C:\Windows\System32\OpenSSH\;C:\Users\servisofts\AppData\Local\nvm;C:\nvm4w\nodejs;C:\Program Files\Git\cmd;C:\Users\servisofts\AppData\Local\Microsoft\WindowsApps;C:\Users\servisofts\AppData\Local\Programs\Microsoft VS Code\bin;C:\Users\servisofts\AppData\Local\GitHubDesktop\bin;C:\Users\servisofts\AppData\Local\nvm;C:\nvm4w\nodejs;
USERNAME=servisofts
OS=Windows_NT
PROCESSOR_IDENTIFIER=Intel64 Family 6 Model 94 Stepping 3, GenuineIntel
TMP=C:\Users\SERVIS~1\AppData\Local\Temp
TEMP=C:\Users\SERVIS~1\AppData\Local\Temp




Periodic native trim disabled

---------------  S Y S T E M  ---------------

OS:
 Windows 10 , 64 bit Build 19041 (10.0.19041.5915)
OS uptime: 0 days 9:55 hours

CPU: total 4 (initial active 4) (4 cores per cpu, 1 threads per core) family 6 model 94 stepping 3 microcode 0xcc, cx8, cmov, fxsr, mmx, 3dnowpref, sse, sse2, sse3, ssse3, sse4.1, sse4.2, popcnt, lzcnt, tsc, tscinvbit, avx, avx2, aes, erms, clmul, bmi1, bmi2, adx, fma, vzeroupper, clflush, clflushopt, rdtscp, f16c
Processor Information for the first 4 processors :
  Max Mhz: 2701, Current Mhz: 2701, Mhz Limit: 2701

Memory: 4k page, system-wide physical 16323M (903M free)
TotalPageFile size 44857M (AvailPageFile size 9M)
current process WorkingSet (physical memory assigned to process): 24M, peak: 24M
current process commit charge ("private bytes"): 192M, peak: 193M

vm_info: OpenJDK 64-Bit Server VM (21.0.8+9-LTS) for windows-amd64 JRE (21.0.8+9-LTS), built on 2025-07-15T00:00:00Z by "admin" with MS VC++ 17.7 (VS2022)

END.
