#
# There is insufficient memory for the Java Runtime Environment to continue.
# Native memory allocation (malloc) failed to allocate 265776 bytes. Error detail: Chunk::new
# Possible reasons:
#   The system is out of physical RAM or swap space
#   This process is running with CompressedOops enabled, and the Java Heap may be blocking the growth of the native heap
# Possible solutions:
#   Reduce memory load on the system
#   Increase physical memory or swap space
#   Check if swap backing store is full
#   Decrease Java heap size (-Xmx/-Xms)
#   Decrease number of Java threads
#   Decrease Java thread stack sizes (-Xss)
#   Set larger code cache with -XX:ReservedCodeCacheSize=
#   JVM is running with Unscaled Compressed Oops mode in which the Java heap is
#     placed in the first 4GB address space. The Java Heap base address is the
#     maximum limit for the native heap growth. Please use -XX:HeapBaseMinAddress
#     to set the Java Heap base and to place the Java Heap above 4GB virtual address.
# This output file may be truncated or incomplete.
#
#  Out of Memory Error (arena.cpp:168), pid=55144, tid=48688
#
# JRE version: OpenJDK Runtime Environment Temurin-21.0.8+9 (21.0.8+9) (build 21.0.8+9-LTS)
# Java VM: OpenJDK 64-Bit Server VM Temurin-21.0.8+9 (21.0.8+9-LTS, mixed mode, sharing, tiered, compressed oops, compressed class ptrs, parallel gc, windows-amd64)
# No core dump will be written. Minidumps are not enabled by default on client versions of Windows
#

---------------  S U M M A R Y ------------

Command Line: --add-modules=ALL-SYSTEM --add-opens=java.base/java.util=ALL-UNNAMED --add-opens=java.base/java.lang=ALL-UNNAMED --add-opens=java.base/sun.nio.fs=ALL-UNNAMED -Declipse.application=org.eclipse.jdt.ls.core.id1 -Dosgi.bundles.defaultStartLevel=4 -Declipse.product=org.eclipse.jdt.ls.core.product -Djava.import.generatesMetadataFilesAtProjectRoot=false -DDetectVMInstallationsJob.disabled=true -Dfile.encoding=utf8 -XX:+UseParallelGC -XX:GCTimeRatio=4 -XX:AdaptiveSizePolicyWeight=90 -Dsun.zip.disableMemoryMapping=true -Xmx2G -Xms100m -Xlog:disable -javaagent:c:\Users\servisofts\.vscode-server\extensions\redhat.java-1.44.0-win32-x64\lombok\lombok-1.18.39-4050.jar -XX:+HeapDumpOnOutOfMemoryError -XX:HeapDumpPath=c:\Users\servisofts\.vscode-server\data\User\workspaceStorage\dca603e7a2dd8d3dc19a52df1bd30b36\redhat.java -Daether.dependencyCollector.impl=bf c:\Users\servisofts\.vscode-server\extensions\redhat.java-1.44.0-win32-x64\server\plugins\org.eclipse.equinox.launcher_1.7.0.v20250519-0528.jar -configuration c:\Users\servisofts\.vscode-server\data\User\globalStorage\redhat.java\1.44.0\config_win -data c:\Users\servisofts\.vscode-server\data\User\workspaceStorage\dca603e7a2dd8d3dc19a52df1bd30b36\redhat.java\jdt_ws --pipe=\\.\pipe\lsp-f6c779a6a1f024c316f1e1021022aa0f-sock

Host: Intel(R) Core(TM) i5-6400 CPU @ 2.70GHz, 4 cores, 15G,  Windows 10 , 64 bit Build 19041 (10.0.19041.5915)
Time: Thu Aug 28 01:59:28 2025 SA Western Standard Time elapsed time: 2.524801 seconds (0d 0h 0m 2s)

---------------  T H R E A D  ---------------

Current thread (0x000002f38d6b64a0):  JavaThread "C2 CompilerThread1" daemon [_thread_in_native, id=48688, stack(0x000000f6afc00000,0x000000f6afd00000) (1024K)]


Current CompileTask:
C2:2524 2155 %     4       java.util.Properties$LineReader::readLine @ 53 (584 bytes)

Stack: [0x000000f6afc00000,0x000000f6afd00000]
Native frames: (J=compiled Java code, j=interpreted, Vv=VM code, C=native code)
V  [jvm.dll+0x6d2449]
V  [jvm.dll+0x8ae341]
V  [jvm.dll+0x8b08be]
V  [jvm.dll+0x8b0fa3]
V  [jvm.dll+0x280c96]
V  [jvm.dll+0xc581d]
V  [jvm.dll+0xc5d53]
V  [jvm.dll+0x3b9162]
V  [jvm.dll+0x385315]
V  [jvm.dll+0x38477a]
V  [jvm.dll+0x248ed0]
V  [jvm.dll+0x2484af]
V  [jvm.dll+0x1c89ee]
V  [jvm.dll+0x257d4d]
V  [jvm.dll+0x2562ea]
V  [jvm.dll+0x3f2d16]
V  [jvm.dll+0x857e6b]
V  [jvm.dll+0x6d0b0d]
C  [ucrtbase.dll+0x21bb2]
C  [KERNEL32.DLL+0x17374]
C  [ntdll.dll+0x4cc91]


---------------  P R O C E S S  ---------------

Threads class SMR info:
_java_thread_list=0x000002f392599e40, length=16, elements={
0x000002f334014020, 0x000002f334d4e130, 0x000002f334d51840, 0x000002f334d53020,
0x000002f334d53fb0, 0x000002f334d55b70, 0x000002f334d565c0, 0x000002f334d573f0,
0x000002f334dc8270, 0x000002f334f33540, 0x000002f38d521960, 0x000002f38d6b64a0,
0x000002f392177cb0, 0x000002f3925c70c0, 0x000002f392442af0, 0x000002f392443c70
}

Java Threads: ( => current thread )
  0x000002f334014020 JavaThread "main"                              [_thread_blocked, id=22368, stack(0x000000f6aed00000,0x000000f6aee00000) (1024K)]
  0x000002f334d4e130 JavaThread "Reference Handler"          daemon [_thread_blocked, id=39656, stack(0x000000f6af200000,0x000000f6af300000) (1024K)]
  0x000002f334d51840 JavaThread "Finalizer"                  daemon [_thread_blocked, id=39028, stack(0x000000f6af300000,0x000000f6af400000) (1024K)]
  0x000002f334d53020 JavaThread "Signal Dispatcher"          daemon [_thread_blocked, id=52796, stack(0x000000f6af400000,0x000000f6af500000) (1024K)]
  0x000002f334d53fb0 JavaThread "Attach Listener"            daemon [_thread_blocked, id=9400, stack(0x000000f6af500000,0x000000f6af600000) (1024K)]
  0x000002f334d55b70 JavaThread "Service Thread"             daemon [_thread_blocked, id=54416, stack(0x000000f6af600000,0x000000f6af700000) (1024K)]
  0x000002f334d565c0 JavaThread "Monitor Deflation Thread"   daemon [_thread_blocked, id=9340, stack(0x000000f6af700000,0x000000f6af800000) (1024K)]
  0x000002f334d573f0 JavaThread "C2 CompilerThread0"         daemon [_thread_blocked, id=52484, stack(0x000000f6af800000,0x000000f6af900000) (1024K)]
  0x000002f334dc8270 JavaThread "C1 CompilerThread0"         daemon [_thread_blocked, id=54340, stack(0x000000f6af900000,0x000000f6afa00000) (1024K)]
  0x000002f334f33540 JavaThread "Common-Cleaner"             daemon [_thread_blocked, id=53308, stack(0x000000f6afa00000,0x000000f6afb00000) (1024K)]
  0x000002f38d521960 JavaThread "Notification Thread"        daemon [_thread_blocked, id=48464, stack(0x000000f6afb00000,0x000000f6afc00000) (1024K)]
=>0x000002f38d6b64a0 JavaThread "C2 CompilerThread1"         daemon [_thread_in_native, id=48688, stack(0x000000f6afc00000,0x000000f6afd00000) (1024K)]
  0x000002f392177cb0 JavaThread "Active Thread: Equinox Container: 46c5d7db-fe60-4087-87ee-1e375bb2239d"        [_thread_blocked, id=21684, stack(0x000000f6b0000000,0x000000f6b0100000) (1024K)]
  0x000002f3925c70c0 JavaThread "Refresh Thread: Equinox Container: 46c5d7db-fe60-4087-87ee-1e375bb2239d" daemon [_thread_blocked, id=9632, stack(0x000000f6b0100000,0x000000f6b0200000) (1024K)]
  0x000002f392442af0 JavaThread "Framework Event Dispatcher: Equinox Container: 46c5d7db-fe60-4087-87ee-1e375bb2239d" daemon [_thread_blocked, id=53572, stack(0x000000f6b0200000,0x000000f6b0300000) (1024K)]
  0x000002f392443c70 JavaThread "Start Level: Equinox Container: 46c5d7db-fe60-4087-87ee-1e375bb2239d" daemon [_thread_in_Java, id=53960, stack(0x000000f6b0300000,0x000000f6b0400000) (1024K)]
Total: 16

Other Threads:
  0x000002f334d36920 VMThread "VM Thread"                           [id=48540, stack(0x000000f6af100000,0x000000f6af200000) (1024K)]
  0x000002f334f326d0 WatcherThread "VM Periodic Task Thread"        [id=40436, stack(0x000000f6af000000,0x000000f6af100000) (1024K)]
  0x000002f334e8c520 WorkerThread "GC Thread#0"                     [id=52304, stack(0x000000f6aef00000,0x000000f6af000000) (1024K)]
  0x000002f3920dcab0 WorkerThread "GC Thread#1"                     [id=1944, stack(0x000000f6afd00000,0x000000f6afe00000) (1024K)]
  0x000002f3925253b0 WorkerThread "GC Thread#2"                     [id=48576, stack(0x000000f6afe00000,0x000000f6aff00000) (1024K)]
  0x000002f392525750 WorkerThread "GC Thread#3"                     [id=51760, stack(0x000000f6aff00000,0x000000f6b0000000) (1024K)]
Total: 6

Threads with active compile tasks:
C2 CompilerThread1  2534 2155 %     4       java.util.Properties$LineReader::readLine @ 53 (584 bytes)
Total: 1

VM state: not at safepoint (normal execution)

VM Mutex/Monitor currently owned by a thread: None

Heap address: 0x0000000080000000, size: 2048 MB, Compressed Oops mode: 32-bit

CDS archive(s) mapped at: [0x000002f34c000000-0x000002f34cba0000-0x000002f34cba0000), size 12189696, SharedBaseAddress: 0x000002f34c000000, ArchiveRelocationMode: 1.
Compressed class space mapped at: 0x000002f34d000000-0x000002f38d000000, reserved size: 1073741824
Narrow klass base: 0x000002f34c000000, Narrow klass shift: 0, Narrow klass range: 0x100000000

GC Precious Log:
 CardTable entry size: 512
 CPUs: 4 total, 4 available
 Memory: 16323M
 Large Page Support: Disabled
 NUMA Support: Disabled
 Compressed Oops: Enabled (32-bit)
 Alignments: Space 512K, Generation 512K, Heap 2M
 Heap Min Capacity: 100M
 Heap Initial Capacity: 100M
 Heap Max Capacity: 2G
 Pre-touch: Disabled
 Parallel Workers: 4

Heap:
 PSYoungGen      total 29696K, used 5156K [0x00000000d5580000, 0x00000000d7680000, 0x0000000100000000)
  eden space 25600K, 4% used [0x00000000d5580000,0x00000000d5689428,0x00000000d6e80000)
  from space 4096K, 99% used [0x00000000d6e80000,0x00000000d727fe50,0x00000000d7280000)
  to   space 4096K, 0% used [0x00000000d7280000,0x00000000d7280000,0x00000000d7680000)
 ParOldGen       total 68608K, used 5084K [0x0000000080000000, 0x0000000084300000, 0x00000000d5580000)
  object space 68608K, 7% used [0x0000000080000000,0x00000000804f73f8,0x0000000084300000)
 Metaspace       used 9322K, committed 9664K, reserved 1114112K
  class space    used 993K, committed 1152K, reserved 1048576K

Card table byte_map: [0x000002f334820000,0x000002f334c30000] _byte_map_base: 0x000002f334420000

Marking Bits: (ParMarkBitMap*) 0x00007ff92ca0a340
 Begin Bits: [0x000002f347320000, 0x000002f349320000)
 End Bits:   [0x000002f349320000, 0x000002f34b320000)

Polling page: 0x000002f333f50000

Metaspace:

Usage:
  Non-class:      8.13 MB used.
      Class:    993.11 KB used.
       Both:      9.10 MB used.

Virtual space:
  Non-class space:       64.00 MB reserved,       8.31 MB ( 13%) committed,  1 nodes.
      Class space:        1.00 GB reserved,       1.12 MB ( <1%) committed,  1 nodes.
             Both:        1.06 GB reserved,       9.44 MB ( <1%) committed. 

Chunk freelists:
   Non-Class:  6.91 MB
       Class:  14.79 MB
        Both:  21.69 MB

MaxMetaspaceSize: unlimited
CompressedClassSpaceSize: 1.00 GB
Initial GC threshold: 21.00 MB
Current GC threshold: 21.00 MB
CDS: on
 - commit_granule_bytes: 65536.
 - commit_granule_words: 8192.
 - virtual_space_node_default_size: 8388608.
 - enlarge_chunks_in_place: 1.
 - use_allocation_guard: 0.


Internal statistics:

num_allocs_failed_limit: 0.
num_arena_births: 254.
num_arena_deaths: 0.
num_vsnodes_births: 2.
num_vsnodes_deaths: 0.
num_space_committed: 151.
num_space_uncommitted: 0.
num_chunks_returned_to_freelist: 0.
num_chunks_taken_from_freelist: 498.
num_chunk_merges: 0.
num_chunk_splits: 316.
num_chunks_enlarged: 211.
num_inconsistent_stats: 0.

CodeHeap 'non-profiled nmethods': size=120000Kb used=1015Kb max_used=1015Kb free=118984Kb
 bounds [0x000002f33fb40000, 0x000002f33fdb0000, 0x000002f347070000]
CodeHeap 'profiled nmethods': size=120000Kb used=3921Kb max_used=3921Kb free=116078Kb
 bounds [0x000002f338070000, 0x000002f338450000, 0x000002f33f5a0000]
CodeHeap 'non-nmethods': size=5760Kb used=1229Kb max_used=1256Kb free=4530Kb
 bounds [0x000002f33f5a0000, 0x000002f33f810000, 0x000002f33fb40000]
CodeCache: size=245760Kb, used=6165Kb, max_used=6192Kb, free=239592Kb
 total_blobs=2653, nmethods=2160, adapters=399, full_count=0
Compilation: enabled, stopped_count=0, restarted_count=0

Compilation events (20 events):
Event: 2.510 Thread 0x000002f334d573f0 2152       4       java.util.Properties::loadConvert (540 bytes)
Event: 2.511 Thread 0x000002f38d6b64a0 nmethod 2149 0x000002f33fc3aa10 code [0x000002f33fc3abc0, 0x000002f33fc3ad48]
Event: 2.512 Thread 0x000002f334dc8270 nmethod 2153 0x000002f33843e490 code [0x000002f33843e8c0, 0x000002f338440ac8]
Event: 2.512 Thread 0x000002f334dc8270 2154       3       java.io.FilterInputStream::close (8 bytes)
Event: 2.512 Thread 0x000002f334dc8270 nmethod 2154 0x000002f338442190 code [0x000002f338442340, 0x000002f338442518]
Event: 2.512 Thread 0x000002f38d6b64a0 2155 %     4       java.util.Properties$LineReader::readLine @ 53 (584 bytes)
Event: 2.515 Thread 0x000002f334dc8270 2156       3       java.nio.HeapByteBuffer::ix (7 bytes)
Event: 2.515 Thread 0x000002f334dc8270 nmethod 2156 0x000002f338442610 code [0x000002f3384427a0, 0x000002f3384428b0]
Event: 2.515 Thread 0x000002f334dc8270 2157       1       java.nio.Buffer::capacity (5 bytes)
Event: 2.515 Thread 0x000002f334dc8270 nmethod 2157 0x000002f33fc3af10 code [0x000002f33fc3b0a0, 0x000002f33fc3b168]
Event: 2.515 Thread 0x000002f334dc8270 2158       3       org.eclipse.osgi.container.ModuleWiring::getWires (15 bytes)
Event: 2.515 Thread 0x000002f334dc8270 nmethod 2158 0x000002f338442910 code [0x000002f338442ae0, 0x000002f338442f40]
Event: 2.521 Thread 0x000002f334dc8270 2159       3       java.util.AbstractCollection::isEmpty (13 bytes)
Event: 2.522 Thread 0x000002f334dc8270 nmethod 2159 0x000002f338443090 code [0x000002f338443240, 0x000002f338443458]
Event: 2.522 Thread 0x000002f334dc8270 2160       3       java.util.ArrayList$ArrayListSpliterator::tryAdvance (79 bytes)
Event: 2.522 Thread 0x000002f334dc8270 nmethod 2160 0x000002f338443510 code [0x000002f338443720, 0x000002f338443c68]
Event: 2.522 Thread 0x000002f334dc8270 2161       3       java.util.HashSet::toArray (18 bytes)
Event: 2.522 Thread 0x000002f334dc8270 nmethod 2161 0x000002f338443e90 code [0x000002f338444040, 0x000002f338444348]
Event: 2.522 Thread 0x000002f334dc8270 2162       1       java.util.Spliterators$EmptySpliterator::characteristics (4 bytes)
Event: 2.522 Thread 0x000002f334dc8270 nmethod 2162 0x000002f33fc3b210 code [0x000002f33fc3b3a0, 0x000002f33fc3b468]

GC Heap History (6 events):
Event: 1.208 GC heap before
{Heap before GC invocations=1 (full 0):
 PSYoungGen      total 29696K, used 25600K [0x00000000d5580000, 0x00000000d7680000, 0x0000000100000000)
  eden space 25600K, 100% used [0x00000000d5580000,0x00000000d6e80000,0x00000000d6e80000)
  from space 4096K, 0% used [0x00000000d7280000,0x00000000d7280000,0x00000000d7680000)
  to   space 4096K, 0% used [0x00000000d6e80000,0x00000000d6e80000,0x00000000d7280000)
 ParOldGen       total 68608K, used 0K [0x0000000080000000, 0x0000000084300000, 0x00000000d5580000)
  object space 68608K, 0% used [0x0000000080000000,0x0000000080000000,0x0000000084300000)
 Metaspace       used 4349K, committed 4608K, reserved 1114112K
  class space    used 473K, committed 576K, reserved 1048576K
}
Event: 1.214 GC heap after
{Heap after GC invocations=1 (full 0):
 PSYoungGen      total 29696K, used 3343K [0x00000000d5580000, 0x00000000d7680000, 0x0000000100000000)
  eden space 25600K, 0% used [0x00000000d5580000,0x00000000d5580000,0x00000000d6e80000)
  from space 4096K, 81% used [0x00000000d6e80000,0x00000000d71c3e68,0x00000000d7280000)
  to   space 4096K, 0% used [0x00000000d7280000,0x00000000d7280000,0x00000000d7680000)
 ParOldGen       total 68608K, used 8K [0x0000000080000000, 0x0000000084300000, 0x00000000d5580000)
  object space 68608K, 0% used [0x0000000080000000,0x0000000080002000,0x0000000084300000)
 Metaspace       used 4349K, committed 4608K, reserved 1114112K
  class space    used 473K, committed 576K, reserved 1048576K
}
Event: 2.018 GC heap before
{Heap before GC invocations=2 (full 0):
 PSYoungGen      total 29696K, used 28943K [0x00000000d5580000, 0x00000000d7680000, 0x0000000100000000)
  eden space 25600K, 100% used [0x00000000d5580000,0x00000000d6e80000,0x00000000d6e80000)
  from space 4096K, 81% used [0x00000000d6e80000,0x00000000d71c3e68,0x00000000d7280000)
  to   space 4096K, 0% used [0x00000000d7280000,0x00000000d7280000,0x00000000d7680000)
 ParOldGen       total 68608K, used 8K [0x0000000080000000, 0x0000000084300000, 0x00000000d5580000)
  object space 68608K, 0% used [0x0000000080000000,0x0000000080002000,0x0000000084300000)
 Metaspace       used 8028K, committed 8256K, reserved 1114112K
  class space    used 840K, committed 960K, reserved 1048576K
}
Event: 2.022 GC heap after
{Heap after GC invocations=2 (full 0):
 PSYoungGen      total 29696K, used 4085K [0x00000000d5580000, 0x00000000d7680000, 0x0000000100000000)
  eden space 25600K, 0% used [0x00000000d5580000,0x00000000d5580000,0x00000000d6e80000)
  from space 4096K, 99% used [0x00000000d7280000,0x00000000d767d530,0x00000000d7680000)
  to   space 4096K, 0% used [0x00000000d6e80000,0x00000000d6e80000,0x00000000d7280000)
 ParOldGen       total 68608K, used 1763K [0x0000000080000000, 0x0000000084300000, 0x00000000d5580000)
  object space 68608K, 2% used [0x0000000080000000,0x00000000801b8ec8,0x0000000084300000)
 Metaspace       used 8028K, committed 8256K, reserved 1114112K
  class space    used 840K, committed 960K, reserved 1048576K
}
Event: 2.503 GC heap before
{Heap before GC invocations=3 (full 0):
 PSYoungGen      total 29696K, used 29685K [0x00000000d5580000, 0x00000000d7680000, 0x0000000100000000)
  eden space 25600K, 100% used [0x00000000d5580000,0x00000000d6e80000,0x00000000d6e80000)
  from space 4096K, 99% used [0x00000000d7280000,0x00000000d767d530,0x00000000d7680000)
  to   space 4096K, 0% used [0x00000000d6e80000,0x00000000d6e80000,0x00000000d7280000)
 ParOldGen       total 68608K, used 1763K [0x0000000080000000, 0x0000000084300000, 0x00000000d5580000)
  object space 68608K, 2% used [0x0000000080000000,0x00000000801b8ec8,0x0000000084300000)
 Metaspace       used 9317K, committed 9664K, reserved 1114112K
  class space    used 993K, committed 1152K, reserved 1048576K
}
Event: 2.509 GC heap after
{Heap after GC invocations=3 (full 0):
 PSYoungGen      total 29696K, used 4095K [0x00000000d5580000, 0x00000000d7680000, 0x0000000100000000)
  eden space 25600K, 0% used [0x00000000d5580000,0x00000000d5580000,0x00000000d6e80000)
  from space 4096K, 99% used [0x00000000d6e80000,0x00000000d727fe50,0x00000000d7280000)
  to   space 4096K, 0% used [0x00000000d7280000,0x00000000d7280000,0x00000000d7680000)
 ParOldGen       total 68608K, used 5084K [0x0000000080000000, 0x0000000084300000, 0x00000000d5580000)
  object space 68608K, 7% used [0x0000000080000000,0x00000000804f73f8,0x0000000084300000)
 Metaspace       used 9317K, committed 9664K, reserved 1114112K
  class space    used 993K, committed 1152K, reserved 1048576K
}

Dll operation events (9 events):
Event: 0.009 Loaded shared library c:\Users\servisofts\.vscode-server\extensions\redhat.java-1.44.0-win32-x64\jre\21.0.8-win32-x86_64\bin\java.dll
Event: 0.058 Loaded shared library c:\Users\servisofts\.vscode-server\extensions\redhat.java-1.44.0-win32-x64\jre\21.0.8-win32-x86_64\bin\zip.dll
Event: 0.274 Loaded shared library C:\Users\servisofts\.vscode-server\extensions\redhat.java-1.44.0-win32-x64\jre\21.0.8-win32-x86_64\bin\instrument.dll
Event: 0.278 Loaded shared library C:\Users\servisofts\.vscode-server\extensions\redhat.java-1.44.0-win32-x64\jre\21.0.8-win32-x86_64\bin\net.dll
Event: 0.279 Loaded shared library C:\Users\servisofts\.vscode-server\extensions\redhat.java-1.44.0-win32-x64\jre\21.0.8-win32-x86_64\bin\nio.dll
Event: 0.282 Loaded shared library C:\Users\servisofts\.vscode-server\extensions\redhat.java-1.44.0-win32-x64\jre\21.0.8-win32-x86_64\bin\zip.dll
Event: 0.298 Loaded shared library C:\Users\servisofts\.vscode-server\extensions\redhat.java-1.44.0-win32-x64\jre\21.0.8-win32-x86_64\bin\jimage.dll
Event: 0.427 Loaded shared library c:\Users\servisofts\.vscode-server\extensions\redhat.java-1.44.0-win32-x64\jre\21.0.8-win32-x86_64\bin\verify.dll
Event: 2.026 Loaded shared library C:\Users\servisofts\.vscode-server\data\User\globalStorage\redhat.java\1.44.0\config_win\org.eclipse.equinox.launcher\org.eclipse.equinox.launcher.win32.win32.x86_64_1.2.1400.v20250730-1736\eclipse_11913.dll

Deoptimization events (20 events):
Event: 2.502 Thread 0x000002f392443c70 Uncommon trap: trap_request=0xffffff45 fr.pc=0x000002f33fbae528 relative=0x0000000000000648
Event: 2.502 Thread 0x000002f392443c70 Uncommon trap: reason=unstable_if action=reinterpret pc=0x000002f33fbae528 method=java.util.jar.Manifest$FastInputStream.readLine([BII)I @ 130 c2
Event: 2.502 Thread 0x000002f392443c70 DEOPT PACKING pc=0x000002f33fbae528 sp=0x000000f6b03fd850
Event: 2.502 Thread 0x000002f392443c70 DEOPT UNPACKING pc=0x000002f33f5f3aa2 sp=0x000000f6b03fd788 mode 2
Event: 2.520 Thread 0x000002f392443c70 Uncommon trap: trap_request=0xffffff45 fr.pc=0x000002f33fba71c4 relative=0x0000000000001604
Event: 2.520 Thread 0x000002f392443c70 Uncommon trap: reason=unstable_if action=reinterpret pc=0x000002f33fba71c4 method=java.util.jar.Manifest$FastInputStream.readLine([BII)I @ 106 c2
Event: 2.520 Thread 0x000002f392443c70 DEOPT PACKING pc=0x000002f33fba71c4 sp=0x000000f6b03fd7f0
Event: 2.520 Thread 0x000002f392443c70 DEOPT UNPACKING pc=0x000002f33f5f3aa2 sp=0x000000f6b03fd6d0 mode 2
Event: 2.520 Thread 0x000002f392443c70 Uncommon trap: trap_request=0xffffff45 fr.pc=0x000002f33fb9f23c relative=0x00000000000004dc
Event: 2.520 Thread 0x000002f392443c70 Uncommon trap: reason=unstable_if action=reinterpret pc=0x000002f33fb9f23c method=java.util.jar.Manifest$FastInputStream.readLine([BII)I @ 106 c2
Event: 2.520 Thread 0x000002f392443c70 DEOPT PACKING pc=0x000002f33fb9f23c sp=0x000000f6b03fd720
Event: 2.520 Thread 0x000002f392443c70 DEOPT UNPACKING pc=0x000002f33f5f3aa2 sp=0x000000f6b03fd6d0 mode 2
Event: 2.520 Thread 0x000002f392443c70 Uncommon trap: trap_request=0xffffff45 fr.pc=0x000002f33fbaed5c relative=0x00000000000000bc
Event: 2.520 Thread 0x000002f392443c70 Uncommon trap: reason=unstable_if action=reinterpret pc=0x000002f33fbaed5c method=java.util.jar.Manifest$FastInputStream.peek()B @ 23 c2
Event: 2.520 Thread 0x000002f392443c70 DEOPT PACKING pc=0x000002f33fbaed5c sp=0x000000f6b03fd7f0
Event: 2.520 Thread 0x000002f392443c70 DEOPT UNPACKING pc=0x000002f33f5f3aa2 sp=0x000000f6b03fd788 mode 2
Event: 2.523 Thread 0x000002f392443c70 Uncommon trap: trap_request=0xffffff45 fr.pc=0x000002f33fc30d64 relative=0x0000000000001e04
Event: 2.523 Thread 0x000002f392443c70 Uncommon trap: reason=unstable_if action=reinterpret pc=0x000002f33fc30d64 method=org.eclipse.osgi.util.ManifestElement.readLine(Ljava/io/InputStream;Ljava/io/ByteArrayOutputStream;)Ljava/lang/String; @ 94 c2
Event: 2.523 Thread 0x000002f392443c70 DEOPT PACKING pc=0x000002f33fc30d64 sp=0x000000f6b03fe080
Event: 2.523 Thread 0x000002f392443c70 DEOPT UNPACKING pc=0x000002f33f5f3aa2 sp=0x000000f6b03fe080 mode 2

Classes loaded (20 events):
Event: 2.188 Loading class sun/util/logging/resources/logging_en
Event: 2.188 Loading class sun/util/logging/resources/logging_en done
Event: 2.188 Loading class sun/util/logging/resources/logging_en
Event: 2.188 Loading class sun/util/logging/resources/logging_en done
Event: 2.188 Loading class sun/util/logging/resources/logging_en_US
Event: 2.188 Loading class sun/util/logging/resources/logging_en_US done
Event: 2.188 Loading class sun/util/logging/resources/logging_en_US
Event: 2.188 Loading class sun/util/logging/resources/logging_en_US done
Event: 2.190 Loading class java/util/Formatter$DateTime
Event: 2.190 Loading class java/util/Formatter$DateTime done
Event: 2.190 Loading class java/util/Formatter$FixedString
Event: 2.190 Loading class java/util/Formatter$FixedString done
Event: 2.190 Loading class java/time/ZonedDateTime$1
Event: 2.190 Loading class java/time/ZonedDateTime$1 done
Event: 2.193 Loading class jdk/internal/module/ModulePatcher$PatchedModuleReader
Event: 2.193 Loading class jdk/internal/module/ModulePatcher$PatchedModuleReader done
Event: 2.198 Loading class sun/text/resources/cldr/FormatData_en
Event: 2.198 Loading class sun/text/resources/cldr/FormatData_en done
Event: 2.198 Loading class sun/text/resources/cldr/FormatData_en_US
Event: 2.198 Loading class sun/text/resources/cldr/FormatData_en_US done

Classes unloaded (0 events):
No events

Classes redefined (0 events):
No events

Internal exceptions (20 events):
Event: 1.217 Thread 0x000002f334014020 Exception <a 'java/lang/ClassNotFoundException'{0x00000000d5590c70}: sun/net/www/protocol/c/Handler> (0x00000000d5590c70) 
thrown [s\src\hotspot\share\classfile\systemDictionary.cpp, line 312]
Event: 1.222 Thread 0x000002f334014020 Exception <a 'java/io/FileNotFoundException'{0x00000000d55b9908}> (0x00000000d55b9908) 
thrown [s\src\hotspot\share\prims\jni.cpp, line 520]
Event: 1.275 Thread 0x000002f334014020 Implicit null exception at 0x000002f33fbb18e9 to 0x000002f33fbb22f4
Event: 1.275 Thread 0x000002f334014020 Implicit null exception at 0x000002f33fba359a to 0x000002f33fba37b8
Event: 1.275 Thread 0x000002f334014020 Exception <a 'java/lang/NoSuchMethodError'{0x00000000d5767410}: 'void java.lang.invoke.DirectMethodHandle$Holder.invokeStatic(java.lang.Object, java.lang.Object, java.lang.Object, java.lang.Object)'> (0x00000000d5767410) 
thrown [s\src\hotspot\share\interpreter\linkResolver.cpp, line 773]
Event: 1.276 Thread 0x000002f334014020 Implicit null exception at 0x000002f33fba15c0 to 0x000002f33fba1894
Event: 1.276 Thread 0x000002f334014020 Implicit null exception at 0x000002f33fbad140 to 0x000002f33fbad1c5
Event: 1.418 Thread 0x000002f334014020 Exception <a 'java/lang/NoSuchMethodError'{0x00000000d5a06a58}: 'void java.lang.invoke.DirectMethodHandle$Holder.invokeSpecial(java.lang.Object, java.lang.Object, java.lang.Object)'> (0x00000000d5a06a58) 
thrown [s\src\hotspot\share\interpreter\linkResolver.cpp, line 773]
Event: 1.688 Thread 0x000002f334014020 Exception <a 'java/lang/NoSuchMethodError'{0x00000000d640edf8}: 'int java.lang.invoke.DirectMethodHandle$Holder.invokeVirtual(java.lang.Object, java.lang.Object)'> (0x00000000d640edf8) 
thrown [s\src\hotspot\share\interpreter\linkResolver.cpp, line 773]
Event: 1.720 Thread 0x000002f334014020 Exception <a 'java/lang/NoSuchMethodError'{0x00000000d65830b8}: 'int java.lang.invoke.DirectMethodHandle$Holder.invokeStaticInit(java.lang.Object, java.lang.Object, java.lang.Object, java.lang.Object)'> (0x00000000d65830b8) 
thrown [s\src\hotspot\share\interpreter\linkResolver.cpp, line 773]
Event: 1.721 Thread 0x000002f334014020 Exception <a 'java/lang/IncompatibleClassChangeError'{0x00000000d658b540}: Found class java.lang.Object, but interface was expected> (0x00000000d658b540) 
thrown [s\src\hotspot\share\interpreter\linkResolver.cpp, line 840]
Event: 1.722 Thread 0x000002f334014020 Exception <a 'java/lang/NoSuchMethodError'{0x00000000d6591b30}: 'void java.lang.invoke.DirectMethodHandle$Holder.invokeStaticInit(java.lang.Object, java.lang.Object)'> (0x00000000d6591b30) 
thrown [s\src\hotspot\share\interpreter\linkResolver.cpp, line 773]
Event: 1.726 Thread 0x000002f334014020 Exception <a 'java/lang/NoSuchMethodError'{0x00000000d659ad48}: 'int java.lang.invoke.DirectMethodHandle$Holder.invokeStaticInit(java.lang.Object, java.lang.Object)'> (0x00000000d659ad48) 
thrown [s\src\hotspot\share\interpreter\linkResolver.cpp, line 773]
Event: 1.779 Thread 0x000002f334014020 Exception <a 'java/lang/NoSuchMethodError'{0x00000000d67e2c10}: 'java.lang.Object java.lang.invoke.DirectMethodHandle$Holder.newInvokeSpecial(java.lang.Object, int, java.lang.Object)'> (0x00000000d67e2c10) 
thrown [s\src\hotspot\share\interpreter\linkResolver.cpp, line 773]
Event: 1.856 Thread 0x000002f334014020 Exception <a 'java/lang/ClassNotFoundException'{0x00000000d69eeed0}: sun/net/www/protocol/plurl/Handler> (0x00000000d69eeed0) 
thrown [s\src\hotspot\share\classfile\systemDictionary.cpp, line 312]
Event: 2.024 Thread 0x000002f334014020 Exception <a 'java/lang/UnsatisfiedLinkError'{0x00000000d558ef98}: 'void org.eclipse.equinox.launcher.JNIBridge._update_splash()'> (0x00000000d558ef98) 
thrown [s\src\hotspot\share\prims\nativeLookup.cpp, line 415]
Event: 2.145 Thread 0x000002f392443c70 Exception <a 'java/lang/NoSuchMethodError'{0x00000000d5bb2b68}: 'java.lang.Object java.lang.invoke.DirectMethodHandle$Holder.newInvokeSpecial(java.lang.Object, java.lang.Object, int, java.lang.Object)'> (0x00000000d5bb2b68) 
thrown [s\src\hotspot\share\interpreter\linkResolver.cpp, line 773]
Event: 2.146 Thread 0x000002f392443c70 Exception <a 'java/lang/NoSuchMethodError'{0x00000000d5bb69d8}: 'java.lang.Object java.lang.invoke.DirectMethodHandle$Holder.invokeSpecial(java.lang.Object, java.lang.Object, java.lang.Object, int, java.lang.Object)'> (0x00000000d5bb69d8) 
thrown [s\src\hotspot\share\interpreter\linkResolver.cpp, line 773]
Event: 2.156 Thread 0x000002f392443c70 Exception <a 'java/lang/NoClassDefFoundError'{0x00000000d5c574d8}: jakarta/servlet/ServletContainerInitializer> (0x00000000d5c574d8) 
thrown [s\src\hotspot\share\classfile\systemDictionary.cpp, line 301]
Event: 2.186 Thread 0x000002f392443c70 Exception <a 'java/lang/ClassNotFoundException'{0x00000000d5dae4f8}: sun/util/logging/resources/spi/loggingProvider> (0x00000000d5dae4f8) 
thrown [s\src\hotspot\share\classfile\systemDictionary.cpp, line 312]

ZGC Phase Switch (0 events):
No events

VM Operations (20 events):
Event: 1.749 Executing VM operation: HandshakeAllThreads (Deoptimize)
Event: 1.762 Executing VM operation: HandshakeAllThreads (Deoptimize) done
Event: 1.768 Executing VM operation: HandshakeAllThreads (Deoptimize)
Event: 1.768 Executing VM operation: HandshakeAllThreads (Deoptimize) done
Event: 1.846 Executing VM operation: HandshakeAllThreads (Deoptimize)
Event: 1.846 Executing VM operation: HandshakeAllThreads (Deoptimize) done
Event: 1.853 Executing VM operation: HandshakeAllThreads (Deoptimize)
Event: 1.853 Executing VM operation: HandshakeAllThreads (Deoptimize) done
Event: 2.011 Executing VM operation: ParallelGCFailedAllocation (Allocation Failure)
Event: 2.022 Executing VM operation: ParallelGCFailedAllocation (Allocation Failure) done
Event: 2.179 Executing VM operation: HandshakeAllThreads (Deoptimize)
Event: 2.179 Executing VM operation: HandshakeAllThreads (Deoptimize) done
Event: 2.194 Executing VM operation: HandshakeAllThreads (Deoptimize)
Event: 2.194 Executing VM operation: HandshakeAllThreads (Deoptimize) done
Event: 2.201 Executing VM operation: HandshakeAllThreads (Deoptimize)
Event: 2.201 Executing VM operation: HandshakeAllThreads (Deoptimize) done
Event: 2.257 Executing VM operation: HandshakeAllThreads (Deoptimize)
Event: 2.257 Executing VM operation: HandshakeAllThreads (Deoptimize) done
Event: 2.503 Executing VM operation: ParallelGCFailedAllocation (Allocation Failure)
Event: 2.509 Executing VM operation: ParallelGCFailedAllocation (Allocation Failure) done

Memory protections (0 events):
No events

Nmethod flushes (0 events):
No events

Events (16 events):
Event: 0.022 Thread 0x000002f334014020 Thread added: 0x000002f334014020
Event: 0.059 Thread 0x000002f334014020 Thread added: 0x000002f334d4e130
Event: 0.059 Thread 0x000002f334014020 Thread added: 0x000002f334d51840
Event: 0.059 Thread 0x000002f334014020 Thread added: 0x000002f334d53020
Event: 0.059 Thread 0x000002f334014020 Thread added: 0x000002f334d53fb0
Event: 0.059 Thread 0x000002f334014020 Thread added: 0x000002f334d55b70
Event: 0.059 Thread 0x000002f334014020 Thread added: 0x000002f334d565c0
Event: 0.059 Thread 0x000002f334014020 Thread added: 0x000002f334d573f0
Event: 0.120 Thread 0x000002f334014020 Thread added: 0x000002f334dc8270
Event: 0.195 Thread 0x000002f334014020 Thread added: 0x000002f334f33540
Event: 0.606 Thread 0x000002f334014020 Thread added: 0x000002f38d521960
Event: 0.739 Thread 0x000002f334dc8270 Thread added: 0x000002f38d6b64a0
Event: 1.742 Thread 0x000002f334014020 Thread added: 0x000002f392177cb0
Event: 2.011 Thread 0x000002f334014020 Thread added: 0x000002f3925c70c0
Event: 2.047 Thread 0x000002f3925c70c0 Thread added: 0x000002f392442af0
Event: 2.062 Thread 0x000002f334014020 Thread added: 0x000002f392443c70


Dynamic libraries:
0x00007ff61ead0000 - 0x00007ff61eade000 	c:\Users\servisofts\.vscode-server\extensions\redhat.java-1.44.0-win32-x64\jre\21.0.8-win32-x86_64\bin\java.exe
0x00007ff993790000 - 0x00007ff993988000 	C:\Windows\SYSTEM32\ntdll.dll
0x00007ff991c90000 - 0x00007ff991d52000 	C:\Windows\System32\KERNEL32.DLL
0x00007ff990e70000 - 0x00007ff991167000 	C:\Windows\System32\KERNELBASE.dll
0x00007ff9914c0000 - 0x00007ff9915c0000 	C:\Windows\System32\ucrtbase.dll
0x00007ff960da0000 - 0x00007ff960db8000 	c:\Users\servisofts\.vscode-server\extensions\redhat.java-1.44.0-win32-x64\jre\21.0.8-win32-x86_64\bin\jli.dll
0x00007ff9935b0000 - 0x00007ff99374d000 	C:\Windows\System32\USER32.dll
0x00007ff9915c0000 - 0x00007ff9915e2000 	C:\Windows\System32\win32u.dll
0x00007ff992c30000 - 0x00007ff992c5b000 	C:\Windows\System32\GDI32.dll
0x00007ff9915f0000 - 0x00007ff991709000 	C:\Windows\System32\gdi32full.dll
0x00007ff991710000 - 0x00007ff9917ad000 	C:\Windows\System32\msvcp_win.dll
0x00007ff960ca0000 - 0x00007ff960cbe000 	c:\Users\servisofts\.vscode-server\extensions\redhat.java-1.44.0-win32-x64\jre\21.0.8-win32-x86_64\bin\VCRUNTIME140.dll
0x00007ff980da0000 - 0x00007ff98103a000 	C:\Windows\WinSxS\amd64_microsoft.windows.common-controls_6595b64144ccf1df_6.0.19041.5915_none_60b4b9d171f9c7c7\COMCTL32.dll
0x00007ff992b90000 - 0x00007ff992c2e000 	C:\Windows\System32\msvcrt.dll
0x00007ff96cbf0000 - 0x00007ff96cbfc000 	c:\Users\servisofts\.vscode-server\extensions\redhat.java-1.44.0-win32-x64\jre\21.0.8-win32-x86_64\bin\vcruntime140_1.dll
0x00007ff93ca40000 - 0x00007ff93cacd000 	c:\Users\servisofts\.vscode-server\extensions\redhat.java-1.44.0-win32-x64\jre\21.0.8-win32-x86_64\bin\msvcp140.dll
0x00007ff92bd50000 - 0x00007ff92cae7000 	c:\Users\servisofts\.vscode-server\extensions\redhat.java-1.44.0-win32-x64\jre\21.0.8-win32-x86_64\bin\server\jvm.dll
0x00007ff991810000 - 0x00007ff9918c1000 	C:\Windows\System32\ADVAPI32.dll
0x00007ff991e10000 - 0x00007ff991eaf000 	C:\Windows\System32\sechost.dll
0x00007ff991eb0000 - 0x00007ff991fd6000 	C:\Windows\System32\RPCRT4.dll
0x00007ff991170000 - 0x00007ff991197000 	C:\Windows\System32\bcrypt.dll
0x00007ff992260000 - 0x00007ff9922cb000 	C:\Windows\System32\WS2_32.dll
0x00007ff990350000 - 0x00007ff99039b000 	C:\Windows\SYSTEM32\POWRPROF.dll
0x00007ff987bd0000 - 0x00007ff987bf7000 	C:\Windows\SYSTEM32\WINMM.dll
0x00007ff98b640000 - 0x00007ff98b64a000 	C:\Windows\SYSTEM32\VERSION.dll
0x00007ff990220000 - 0x00007ff990232000 	C:\Windows\SYSTEM32\UMPDC.dll
0x00007ff98ecc0000 - 0x00007ff98ecd2000 	C:\Windows\SYSTEM32\kernel.appcore.dll
0x00007ff96bf70000 - 0x00007ff96bf7a000 	c:\Users\servisofts\.vscode-server\extensions\redhat.java-1.44.0-win32-x64\jre\21.0.8-win32-x86_64\bin\jimage.dll
0x00007ff987130000 - 0x00007ff987331000 	C:\Windows\SYSTEM32\DBGHELP.DLL
0x00007ff9753c0000 - 0x00007ff9753f4000 	C:\Windows\SYSTEM32\dbgcore.DLL
0x00007ff9913b0000 - 0x00007ff991432000 	C:\Windows\System32\bcryptPrimitives.dll
0x00007ff96be70000 - 0x00007ff96be7f000 	c:\Users\servisofts\.vscode-server\extensions\redhat.java-1.44.0-win32-x64\jre\21.0.8-win32-x86_64\bin\instrument.dll
0x00007ff94f180000 - 0x00007ff94f19f000 	c:\Users\servisofts\.vscode-server\extensions\redhat.java-1.44.0-win32-x64\jre\21.0.8-win32-x86_64\bin\java.dll
0x00007ff9922d0000 - 0x00007ff992a3e000 	C:\Windows\System32\SHELL32.dll
0x00007ff98eec0000 - 0x00007ff98f664000 	C:\Windows\SYSTEM32\windows.storage.dll
0x00007ff9918d0000 - 0x00007ff991c23000 	C:\Windows\System32\combase.dll
0x00007ff990850000 - 0x00007ff99087b000 	C:\Windows\SYSTEM32\Wldp.dll
0x00007ff993070000 - 0x00007ff99313d000 	C:\Windows\System32\OLEAUT32.dll
0x00007ff992c70000 - 0x00007ff992d1d000 	C:\Windows\System32\SHCORE.dll
0x00007ff991c30000 - 0x00007ff991c8b000 	C:\Windows\System32\shlwapi.dll
0x00007ff990d50000 - 0x00007ff990d74000 	C:\Windows\SYSTEM32\profapi.dll
0x00007ff93d780000 - 0x00007ff93d798000 	c:\Users\servisofts\.vscode-server\extensions\redhat.java-1.44.0-win32-x64\jre\21.0.8-win32-x86_64\bin\zip.dll
0x00007ff96bc70000 - 0x00007ff96bc80000 	C:\Users\servisofts\.vscode-server\extensions\redhat.java-1.44.0-win32-x64\jre\21.0.8-win32-x86_64\bin\net.dll
0x00007ff98af50000 - 0x00007ff98b05a000 	C:\Windows\SYSTEM32\WINHTTP.dll
0x00007ff9905b0000 - 0x00007ff99061a000 	C:\Windows\system32\mswsock.dll
0x00007ff93d760000 - 0x00007ff93d776000 	C:\Users\servisofts\.vscode-server\extensions\redhat.java-1.44.0-win32-x64\jre\21.0.8-win32-x86_64\bin\nio.dll
0x00007ff96bab0000 - 0x00007ff96bac0000 	c:\Users\servisofts\.vscode-server\extensions\redhat.java-1.44.0-win32-x64\jre\21.0.8-win32-x86_64\bin\verify.dll
0x00007ff92d980000 - 0x00007ff92d9c5000 	C:\Users\servisofts\.vscode-server\data\User\globalStorage\redhat.java\1.44.0\config_win\org.eclipse.equinox.launcher\org.eclipse.equinox.launcher.win32.win32.x86_64_1.2.1400.v20250730-1736\eclipse_11913.dll
0x00007ff992d20000 - 0x00007ff992e4b000 	C:\Windows\System32\ole32.dll

JVMTI agents:
c:\Users\servisofts\.vscode-server\extensions\redhat.java-1.44.0-win32-x64\lombok\lombok-1.18.39-4050.jar path:c:\Users\servisofts\.vscode-server\extensions\redhat.java-1.44.0-win32-x64\jre\21.0.8-win32-x86_64\bin\instrument.dll, loaded, initialized, instrumentlib options:none

dbghelp: loaded successfully - version: 4.0.5 - missing functions: none
symbol engine: initialized successfully - sym options: 0x614 - pdb path: .;c:\Users\servisofts\.vscode-server\extensions\redhat.java-1.44.0-win32-x64\jre\21.0.8-win32-x86_64\bin;C:\Windows\SYSTEM32;C:\Windows\WinSxS\amd64_microsoft.windows.common-controls_6595b64144ccf1df_6.0.19041.5915_none_60b4b9d171f9c7c7;c:\Users\servisofts\.vscode-server\extensions\redhat.java-1.44.0-win32-x64\jre\21.0.8-win32-x86_64\bin\server;C:\Users\servisofts\.vscode-server\data\User\globalStorage\redhat.java\1.44.0\config_win\org.eclipse.equinox.launcher\org.eclipse.equinox.launcher.win32.win32.x86_64_1.2.1400.v20250730-1736

VM Arguments:
jvm_args: --add-modules=ALL-SYSTEM --add-opens=java.base/java.util=ALL-UNNAMED --add-opens=java.base/java.lang=ALL-UNNAMED --add-opens=java.base/sun.nio.fs=ALL-UNNAMED -Declipse.application=org.eclipse.jdt.ls.core.id1 -Dosgi.bundles.defaultStartLevel=4 -Declipse.product=org.eclipse.jdt.ls.core.product -Djava.import.generatesMetadataFilesAtProjectRoot=false -DDetectVMInstallationsJob.disabled=true -Dfile.encoding=utf8 -XX:+UseParallelGC -XX:GCTimeRatio=4 -XX:AdaptiveSizePolicyWeight=90 -Dsun.zip.disableMemoryMapping=true -Xmx2G -Xms100m -Xlog:disable -javaagent:c:\Users\servisofts\.vscode-server\extensions\redhat.java-1.44.0-win32-x64\lombok\lombok-1.18.39-4050.jar -XX:+HeapDumpOnOutOfMemoryError -XX:HeapDumpPath=c:\Users\servisofts\.vscode-server\data\User\workspaceStorage\dca603e7a2dd8d3dc19a52df1bd30b36\redhat.java -Daether.dependencyCollector.impl=bf 
java_command: c:\Users\servisofts\.vscode-server\extensions\redhat.java-1.44.0-win32-x64\server\plugins\org.eclipse.equinox.launcher_1.7.0.v20250519-0528.jar -configuration c:\Users\servisofts\.vscode-server\data\User\globalStorage\redhat.java\1.44.0\config_win -data c:\Users\servisofts\.vscode-server\data\User\workspaceStorage\dca603e7a2dd8d3dc19a52df1bd30b36\redhat.java\jdt_ws --pipe=\\.\pipe\lsp-f6c779a6a1f024c316f1e1021022aa0f-sock
java_class_path (initial): c:\Users\servisofts\.vscode-server\extensions\redhat.java-1.44.0-win32-x64\server\plugins\org.eclipse.equinox.launcher_1.7.0.v20250519-0528.jar
Launcher Type: SUN_STANDARD

[Global flags]
    uintx AdaptiveSizePolicyWeight                 = 90                                        {product} {command line}
     intx CICompilerCount                          = 3                                         {product} {ergonomic}
    uintx GCTimeRatio                              = 4                                         {product} {command line}
     bool HeapDumpOnOutOfMemoryError               = true                                   {manageable} {command line}
    ccstr HeapDumpPath                             = c:\Users\servisofts\.vscode-server\data\User\workspaceStorage\dca603e7a2dd8d3dc19a52df1bd30b36\redhat.java         {manageable} {command line}
   size_t InitialHeapSize                          = 104857600                                 {product} {command line}
   size_t MaxHeapSize                              = 2147483648                                {product} {command line}
   size_t MaxNewSize                               = 715653120                                 {product} {ergonomic}
   size_t MinHeapDeltaBytes                        = 524288                                    {product} {ergonomic}
   size_t MinHeapSize                              = 104857600                                 {product} {command line}
   size_t NewSize                                  = 34603008                                  {product} {ergonomic}
    uintx NonNMethodCodeHeapSize                   = 5832780                                {pd product} {ergonomic}
    uintx NonProfiledCodeHeapSize                  = 122912730                              {pd product} {ergonomic}
   size_t OldSize                                  = 70254592                                  {product} {ergonomic}
    uintx ProfiledCodeHeapSize                     = 122912730                              {pd product} {ergonomic}
    uintx ReservedCodeCacheSize                    = 251658240                              {pd product} {ergonomic}
     bool SegmentedCodeCache                       = true                                      {product} {ergonomic}
   size_t SoftMaxHeapSize                          = 2147483648                             {manageable} {ergonomic}
     bool UseCompressedOops                        = true                           {product lp64_product} {ergonomic}
     bool UseLargePagesIndividualAllocation        = false                                  {pd product} {ergonomic}
     bool UseParallelGC                            = true                                      {product} {command line}

Logging:
Log output configuration:
 #0: stdout all=off uptime,level,tags foldmultilines=false
 #1: stderr all=off uptime,level,tags foldmultilines=false

Environment Variables:
PATH=c:\Users\servisofts\.vscode-server\cli\servers\Stable-360a4e4fd251bfce169a4ddf857c7d25d1ad40da\server\bin\remote-cli;C:\Program Files\Common Files\Oracle\Java\javapath;C:\Windows\system32;C:\Windows;C:\Windows\System32\Wbem;C:\Windows\System32\WindowsPowerShell\v1.0\;C:\Windows\System32\OpenSSH\;C:\Users\servisofts\AppData\Local\nvm;C:\nvm4w\nodejs;C:\Program Files\Git\cmd;C:\Users\servisofts\AppData\Local\Microsoft\WindowsApps;C:\Users\servisofts\AppData\Local\Programs\Microsoft VS Code\bin;C:\Users\servisofts\AppData\Local\GitHubDesktop\bin;C:\Users\servisofts\AppData\Local\nvm;C:\nvm4w\nodejs;
USERNAME=servisofts
SHELL=c:\windows\system32\cmd.exe
OS=Windows_NT
PROCESSOR_IDENTIFIER=Intel64 Family 6 Model 94 Stepping 3, GenuineIntel
TMP=C:\Users\servisofts\AppData\Local\Temp
TEMP=C:\Users\servisofts\AppData\Local\Temp




Periodic native trim disabled

---------------  S Y S T E M  ---------------

OS:
 Windows 10 , 64 bit Build 19041 (10.0.19041.5915)
OS uptime: 0 days 9:58 hours

CPU: total 4 (initial active 4) (4 cores per cpu, 1 threads per core) family 6 model 94 stepping 3 microcode 0xcc, cx8, cmov, fxsr, mmx, 3dnowpref, sse, sse2, sse3, ssse3, sse4.1, sse4.2, popcnt, lzcnt, tsc, tscinvbit, avx, avx2, aes, erms, clmul, bmi1, bmi2, adx, fma, vzeroupper, clflush, clflushopt, rdtscp, f16c
Processor Information for the first 4 processors :
  Max Mhz: 2701, Current Mhz: 2701, Mhz Limit: 2701

Memory: 4k page, system-wide physical 16323M (612M free)
TotalPageFile size 44857M (AvailPageFile size 4M)
current process WorkingSet (physical memory assigned to process): 106M, peak: 106M
current process commit charge ("private bytes"): 235M, peak: 235M

vm_info: OpenJDK 64-Bit Server VM (21.0.8+9-LTS) for windows-amd64 JRE (21.0.8+9-LTS), built on 2025-07-15T00:00:00Z by "admin" with MS VC++ 17.7 (VS2022)

END.
